Java HotSpot(TM) 64-Bit Server VM (25.221-b11) for windows-amd64 JRE (1.8.0_221-b11), built on Jul  4 2019 04:39:29 by "java_re" with MS VC++ 10.0 (VS2010)
Memory: 4k page, physical 8282720k(4801068k free), swap 10365620k(4919180k free)
CommandLine flags: -XX:+AlwaysPreTouch -XX:GCLogFileSize=20971520 -XX:InitialHeapSize=536870912 -XX:MaxGCPauseMillis=250 -XX:MaxHeapSize=536870912 -XX:NumberOfGCLogFiles=9 -XX:+ParallelRefProcEnabled -XX:+PerfDisableSharedMem -XX:+PrintGC -XX:+PrintGCApplicationStoppedTime -XX:+PrintGCDateStamps -XX:+PrintGCDetails -XX:+PrintGCTimeStamps -XX:+PrintHeapAtGC -XX:+PrintTenuringDistribution -XX:ThreadStackSize=256 -XX:+UseCompressedClassPointers -XX:+UseCompressedOops -XX:+UseG1GC -XX:+UseGCLogFileRotation -XX:-UseLargePages -XX:-UseLargePagesIndividualAllocation 
2019-09-30T17:03:45.099+0500: 0.622: Total time for which application threads were stopped: 0.0001536 seconds, Stopping threads took: 0.0000235 seconds
2019-09-30T17:03:45.304+0500: 0.825: Total time for which application threads were stopped: 0.0001745 seconds, Stopping threads took: 0.0000316 seconds
2019-09-30T17:03:45.628+0500: 1.149: Total time for which application threads were stopped: 0.0001719 seconds, Stopping threads took: 0.0000252 seconds
2019-09-30T17:03:45.756+0500: 1.278: Total time for which application threads were stopped: 0.0002091 seconds, Stopping threads took: 0.0000422 seconds
{Heap before GC invocations=0 (full 0):
 garbage-first heap   total 524288K, used 25600K [0x00000000e0000000, 0x00000000e0101000, 0x0000000100000000)
  region size 1024K, 25 young (25600K), 0 survivors (0K)
 Metaspace       used 9772K, capacity 10020K, committed 10368K, reserved 1058816K
  class space    used 1211K, capacity 1284K, committed 1408K, reserved 1048576K
2019-09-30T17:03:46.036+0500: 1.558: [GC pause (G1 Evacuation Pause) (young)
Desired survivor size 2097152 bytes, new threshold 15 (max 15)
, 0.0071001 secs]
   [Parallel Time: 5.1 ms, GC Workers: 4]
      [GC Worker Start (ms): Min: 1558.2, Avg: 1558.7, Max: 1559.4, Diff: 1.3]
      [Ext Root Scanning (ms): Min: 0.0, Avg: 0.5, Max: 1.0, Diff: 1.0, Sum: 2.2]
      [Update RS (ms): Min: 0.0, Avg: 0.0, Max: 0.0, Diff: 0.0, Sum: 0.0]
         [Processed Buffers: Min: 0, Avg: 0.0, Max: 0, Diff: 0, Sum: 0]
      [Scan RS (ms): Min: 0.0, Avg: 0.0, Max: 0.0, Diff: 0.0, Sum: 0.0]
      [Code Root Scanning (ms): Min: 0.0, Avg: 1.1, Max: 3.8, Diff: 3.8, Sum: 4.3]
      [Object Copy (ms): Min: 0.2, Avg: 2.8, Max: 4.0, Diff: 3.8, Sum: 11.2]
      [Termination (ms): Min: 0.0, Avg: 0.1, Max: 0.1, Diff: 0.1, Sum: 0.2]
         [Termination Attempts: Min: 1, Avg: 36.0, Max: 66, Diff: 65, Sum: 144]
      [GC Worker Other (ms): Min: 0.0, Avg: 0.0, Max: 0.0, Diff: 0.0, Sum: 0.2]
      [GC Worker Total (ms): Min: 3.8, Avg: 4.5, Max: 5.0, Diff: 1.3, Sum: 18.1]
      [GC Worker End (ms): Min: 1563.2, Avg: 1563.2, Max: 1563.2, Diff: 0.0]
   [Code Root Fixup: 0.0 ms]
   [Code Root Purge: 0.0 ms]
   [Clear CT: 0.0 ms]
   [Other: 1.9 ms]
      [Choose CSet: 0.0 ms]
      [Ref Proc: 1.6 ms]
      [Ref Enq: 0.1 ms]
      [Redirty Cards: 0.1 ms]
      [Humongous Register: 0.0 ms]
      [Humongous Reclaim: 0.0 ms]
      [Free CSet: 0.0 ms]
   [Eden: 25.0M(25.0M)->0.0B(31.0M) Survivors: 0.0B->4096.0K Heap: 25.0M(512.0M)->4978.5K(512.0M)]
Heap after GC invocations=1 (full 0):
 garbage-first heap   total 524288K, used 4978K [0x00000000e0000000, 0x00000000e0101000, 0x0000000100000000)
  region size 1024K, 4 young (4096K), 4 survivors (4096K)
 Metaspace       used 9772K, capacity 10020K, committed 10368K, reserved 1058816K
  class space    used 1211K, capacity 1284K, committed 1408K, reserved 1048576K
}
 [Times: user=0.05 sys=0.00, real=0.01 secs] 
2019-09-30T17:03:46.044+0500: 1.565: Total time for which application threads were stopped: 0.0075315 seconds, Stopping threads took: 0.0000418 seconds
2019-09-30T17:03:46.079+0500: 1.602: Total time for which application threads were stopped: 0.0001634 seconds, Stopping threads took: 0.0000252 seconds
2019-09-30T17:03:46.350+0500: 1.871: Total time for which application threads were stopped: 0.0002688 seconds, Stopping threads took: 0.0000286 seconds
{Heap before GC invocations=1 (full 0):
 garbage-first heap   total 524288K, used 33650K [0x00000000e0000000, 0x00000000e0101000, 0x0000000100000000)
  region size 1024K, 30 young (30720K), 4 survivors (4096K)
 Metaspace       used 15990K, capacity 16328K, committed 16512K, reserved 1062912K
  class space    used 1994K, capacity 2117K, committed 2176K, reserved 1048576K
2019-09-30T17:03:46.946+0500: 2.468: [GC pause (G1 Evacuation Pause) (young)
Desired survivor size 2097152 bytes, new threshold 1 (max 15)
- age   1:    2386864 bytes,    2386864 total
, 0.0167501 secs]
   [Parallel Time: 15.0 ms, GC Workers: 4]
      [GC Worker Start (ms): Min: 2468.2, Avg: 2468.6, Max: 2470.0, Diff: 1.8]
      [Ext Root Scanning (ms): Min: 0.0, Avg: 0.8, Max: 1.4, Diff: 1.4, Sum: 3.0]
      [Update RS (ms): Min: 1.2, Avg: 1.2, Max: 1.2, Diff: 0.0, Sum: 4.8]
         [Processed Buffers: Min: 1, Avg: 1.3, Max: 2, Diff: 1, Sum: 5]
      [Scan RS (ms): Min: 0.0, Avg: 0.6, Max: 0.8, Diff: 0.8, Sum: 2.4]
      [Code Root Scanning (ms): Min: 0.0, Avg: 0.2, Max: 0.7, Diff: 0.7, Sum: 0.9]
      [Object Copy (ms): Min: 11.0, Avg: 11.7, Max: 12.4, Diff: 1.4, Sum: 46.8]
      [Termination (ms): Min: 0.0, Avg: 0.0, Max: 0.0, Diff: 0.0, Sum: 0.0]
         [Termination Attempts: Min: 1, Avg: 5.8, Max: 8, Diff: 7, Sum: 23]
      [GC Worker Other (ms): Min: 0.0, Avg: 0.0, Max: 0.0, Diff: 0.0, Sum: 0.0]
      [GC Worker Total (ms): Min: 13.2, Avg: 14.5, Max: 15.0, Diff: 1.8, Sum: 58.0]
      [GC Worker End (ms): Min: 2483.1, Avg: 2483.1, Max: 2483.1, Diff: 0.0]
   [Code Root Fixup: 0.1 ms]
   [Code Root Purge: 0.0 ms]
   [Clear CT: 0.1 ms]
   [Other: 1.6 ms]
      [Choose CSet: 0.0 ms]
      [Ref Proc: 1.3 ms]
      [Ref Enq: 0.1 ms]
      [Redirty Cards: 0.0 ms]
      [Humongous Register: 0.0 ms]
      [Humongous Reclaim: 0.0 ms]
      [Free CSet: 0.1 ms]
   [Eden: 26.0M(26.0M)->0.0B(49.0M) Survivors: 4096.0K->4096.0K Heap: 32.9M(512.0M)->16.1M(512.0M)]
Heap after GC invocations=2 (full 0):
 garbage-first heap   total 524288K, used 16464K [0x00000000e0000000, 0x00000000e0101000, 0x0000000100000000)
  region size 1024K, 4 young (4096K), 4 survivors (4096K)
 Metaspace       used 15990K, capacity 16328K, committed 16512K, reserved 1062912K
  class space    used 1994K, capacity 2117K, committed 2176K, reserved 1048576K
}
 [Times: user=0.06 sys=0.00, real=0.02 secs] 
2019-09-30T17:03:46.964+0500: 2.485: Total time for which application threads were stopped: 0.0172821 seconds, Stopping threads took: 0.0000503 seconds
2019-09-30T17:03:47.010+0500: 2.532: Total time for which application threads were stopped: 0.0003281 seconds, Stopping threads took: 0.0000401 seconds
2019-09-30T17:03:47.019+0500: 2.540: Total time for which application threads were stopped: 0.0002202 seconds, Stopping threads took: 0.0000239 seconds
2019-09-30T17:03:47.113+0500: 2.635: Total time for which application threads were stopped: 0.0002436 seconds, Stopping threads took: 0.0000294 seconds
{Heap before GC invocations=2 (full 0):
 garbage-first heap   total 524288K, used 40016K [0x00000000e0000000, 0x00000000e0101000, 0x0000000100000000)
  region size 1024K, 27 young (27648K), 4 survivors (4096K)
 Metaspace       used 17798K, capacity 18080K, committed 18304K, reserved 1064960K
  class space    used 2203K, capacity 2315K, committed 2432K, reserved 1048576K
2019-09-30T17:03:47.492+0500: 3.015: [GC pause (G1 Evacuation Pause) (young)
Desired survivor size 2097152 bytes, new threshold 1 (max 15)
- age   1:    4194016 bytes,    4194016 total
, 0.0111940 secs]
   [Parallel Time: 9.7 ms, GC Workers: 4]
      [GC Worker Start (ms): Min: 3015.4, Avg: 3015.4, Max: 3015.4, Diff: 0.0]
      [Ext Root Scanning (ms): Min: 0.7, Avg: 0.9, Max: 1.1, Diff: 0.5, Sum: 3.5]
      [Update RS (ms): Min: 0.0, Avg: 0.3, Max: 0.7, Diff: 0.7, Sum: 1.2]
         [Processed Buffers: Min: 0, Avg: 3.5, Max: 7, Diff: 7, Sum: 14]
      [Scan RS (ms): Min: 0.9, Avg: 1.1, Max: 1.3, Diff: 0.4, Sum: 4.5]
      [Code Root Scanning (ms): Min: 0.0, Avg: 0.1, Max: 0.4, Diff: 0.4, Sum: 0.4]
      [Object Copy (ms): Min: 7.0, Avg: 7.2, Max: 7.4, Diff: 0.4, Sum: 28.8]
      [Termination (ms): Min: 0.0, Avg: 0.0, Max: 0.0, Diff: 0.0, Sum: 0.0]
         [Termination Attempts: Min: 1, Avg: 19.3, Max: 26, Diff: 25, Sum: 77]
      [GC Worker Other (ms): Min: 0.0, Avg: 0.0, Max: 0.0, Diff: 0.0, Sum: 0.1]
      [GC Worker Total (ms): Min: 9.6, Avg: 9.6, Max: 9.6, Diff: 0.0, Sum: 38.4]
      [GC Worker End (ms): Min: 3025.0, Avg: 3025.0, Max: 3025.0, Diff: 0.0]
   [Code Root Fixup: 0.0 ms]
   [Code Root Purge: 0.0 ms]
   [Clear CT: 0.1 ms]
   [Other: 1.4 ms]
      [Choose CSet: 0.0 ms]
      [Ref Proc: 1.1 ms]
      [Ref Enq: 0.0 ms]
      [Redirty Cards: 0.1 ms]
      [Humongous Register: 0.0 ms]
      [Humongous Reclaim: 0.0 ms]
      [Free CSet: 0.0 ms]
   [Eden: 23.0M(23.0M)->0.0B(96.0M) Survivors: 4096.0K->4096.0K Heap: 39.1M(512.0M)->21.5M(512.0M)]
Heap after GC invocations=3 (full 0):
 garbage-first heap   total 524288K, used 22016K [0x00000000e0000000, 0x00000000e0101000, 0x0000000100000000)
  region size 1024K, 4 young (4096K), 4 survivors (4096K)
 Metaspace       used 17798K, capacity 18080K, committed 18304K, reserved 1064960K
  class space    used 2203K, capacity 2315K, committed 2432K, reserved 1048576K
}
 [Times: user=0.01 sys=0.00, real=0.01 secs] 
2019-09-30T17:03:47.505+0500: 3.027: Total time for which application threads were stopped: 0.0114794 seconds, Stopping threads took: 0.0000439 seconds
2019-09-30T17:03:47.740+0500: 3.262: Total time for which application threads were stopped: 0.0003183 seconds, Stopping threads took: 0.0000384 seconds
{Heap before GC invocations=3 (full 0):
 garbage-first heap   total 524288K, used 60928K [0x00000000e0000000, 0x00000000e0101000, 0x0000000100000000)
  region size 1024K, 43 young (44032K), 4 survivors (4096K)
 Metaspace       used 20769K, capacity 21132K, committed 21296K, reserved 1069056K
  class space    used 2573K, capacity 2687K, committed 2688K, reserved 1048576K
2019-09-30T17:03:48.023+0500: 3.547: [GC pause (Metadata GC Threshold) (young) (initial-mark)
Desired survivor size 6815744 bytes, new threshold 15 (max 15)
- age   1:     865984 bytes,     865984 total
, 0.0056085 secs]
   [Parallel Time: 3.8 ms, GC Workers: 4]
      [GC Worker Start (ms): Min: 3547.2, Avg: 3547.2, Max: 3547.2, Diff: 0.0]
      [Ext Root Scanning (ms): Min: 0.8, Avg: 0.8, Max: 0.9, Diff: 0.1, Sum: 3.3]
      [Update RS (ms): Min: 0.8, Avg: 1.0, Max: 1.1, Diff: 0.3, Sum: 3.9]
         [Processed Buffers: Min: 2, Avg: 3.0, Max: 6, Diff: 4, Sum: 12]
      [Scan RS (ms): Min: 0.0, Avg: 0.1, Max: 0.2, Diff: 0.2, Sum: 0.4]
      [Code Root Scanning (ms): Min: 0.0, Avg: 0.1, Max: 0.2, Diff: 0.2, Sum: 0.3]
      [Object Copy (ms): Min: 1.7, Avg: 1.8, Max: 1.8, Diff: 0.1, Sum: 7.1]
      [Termination (ms): Min: 0.0, Avg: 0.0, Max: 0.0, Diff: 0.0, Sum: 0.0]
         [Termination Attempts: Min: 1, Avg: 3.0, Max: 5, Diff: 4, Sum: 12]
      [GC Worker Other (ms): Min: 0.0, Avg: 0.0, Max: 0.0, Diff: 0.0, Sum: 0.0]
      [GC Worker Total (ms): Min: 3.7, Avg: 3.7, Max: 3.7, Diff: 0.0, Sum: 14.9]
      [GC Worker End (ms): Min: 3550.9, Avg: 3551.0, Max: 3551.0, Diff: 0.0]
   [Code Root Fixup: 0.0 ms]
   [Code Root Purge: 0.0 ms]
   [Clear CT: 0.1 ms]
   [Other: 1.7 ms]
      [Choose CSet: 0.0 ms]
      [Ref Proc: 1.3 ms]
      [Ref Enq: 0.1 ms]
      [Redirty Cards: 0.1 ms]
      [Humongous Register: 0.0 ms]
      [Humongous Reclaim: 0.0 ms]
      [Free CSet: 0.0 ms]
   [Eden: 39.0M(96.0M)->0.0B(300.0M) Survivors: 4096.0K->7168.0K Heap: 60.0M(512.0M)->24.3M(512.0M)]
Heap after GC invocations=4 (full 0):
 garbage-first heap   total 524288K, used 24919K [0x00000000e0000000, 0x00000000e0101000, 0x0000000100000000)
  region size 1024K, 7 young (7168K), 7 survivors (7168K)
 Metaspace       used 20769K, capacity 21132K, committed 21296K, reserved 1069056K
  class space    used 2573K, capacity 2687K, committed 2688K, reserved 1048576K
}
 [Times: user=0.00 sys=0.00, real=0.01 secs] 
2019-09-30T17:03:48.031+0500: 3.553: [GC concurrent-root-region-scan-start]
2019-09-30T17:03:48.031+0500: 3.553: Total time for which application threads were stopped: 0.0061218 seconds, Stopping threads took: 0.0000375 seconds
2019-09-30T17:03:48.036+0500: 3.557: [GC concurrent-root-region-scan-end, 0.0043153 secs]
2019-09-30T17:03:48.036+0500: 3.557: [GC concurrent-mark-start]
2019-09-30T17:03:48.070+0500: 3.591: Total time for which application threads were stopped: 0.0002406 seconds, Stopping threads took: 0.0000350 seconds
2019-09-30T17:03:48.079+0500: 3.602: [GC concurrent-mark-end, 0.0444731 secs]
2019-09-30T17:03:48.081+0500: 3.603: [GC remark 2019-09-30T17:03:48.081+0500: 3.603: [Finalize Marking, 0.0001084 secs] 2019-09-30T17:03:48.081+0500: 3.603: [GC ref-proc, 0.0009024 secs] 2019-09-30T17:03:48.082+0500: 3.604: [Unloading, 0.0034274 secs], 0.0046950 secs]
 [Times: user=0.06 sys=0.00, real=0.01 secs] 
2019-09-30T17:03:48.087+0500: 3.607: Total time for which application threads were stopped: 0.0055168 seconds, Stopping threads took: 0.0007292 seconds
2019-09-30T17:03:48.087+0500: 3.608: [GC cleanup 34M->32M(512M), 0.0004471 secs]
 [Times: user=0.00 sys=0.00, real=0.00 secs] 
2019-09-30T17:03:48.087+0500: 3.608: Total time for which application threads were stopped: 0.0005858 seconds, Stopping threads took: 0.0000631 seconds
2019-09-30T17:03:48.087+0500: 3.608: [GC concurrent-cleanup-start]
2019-09-30T17:03:48.087+0500: 3.608: [GC concurrent-cleanup-end, 0.0000132 secs]
2019-09-30T17:03:48.323+0500: 3.847: Total time for which application threads were stopped: 0.0003191 seconds, Stopping threads took: 0.0000371 seconds
2019-09-30T17:03:48.332+0500: 3.856: Total time for which application threads were stopped: 0.0003221 seconds, Stopping threads took: 0.0000410 seconds
2019-09-30T17:03:48.336+0500: 3.857: Total time for which application threads were stopped: 0.0003631 seconds, Stopping threads took: 0.0000414 seconds
2019-09-30T17:03:48.404+0500: 3.926: Total time for which application threads were stopped: 0.0002884 seconds, Stopping threads took: 0.0000337 seconds
2019-09-30T17:03:48.651+0500: 4.172: Total time for which application threads were stopped: 0.0005188 seconds, Stopping threads took: 0.0001835 seconds
2019-09-30T17:03:48.962+0500: 4.483: Total time for which application threads were stopped: 0.0003878 seconds, Stopping threads took: 0.0000495 seconds
2019-09-30T17:03:49.026+0500: 4.546: Total time for which application threads were stopped: 0.0001472 seconds, Stopping threads took: 0.0000482 seconds
2019-09-30T17:03:49.026+0500: 4.547: Total time for which application threads were stopped: 0.0002598 seconds, Stopping threads took: 0.0002027 seconds
2019-09-30T17:03:49.051+0500: 4.571: Total time for which application threads were stopped: 0.0002688 seconds, Stopping threads took: 0.0001600 seconds
2019-09-30T17:03:49.051+0500: 4.572: Total time for which application threads were stopped: 0.0001054 seconds, Stopping threads took: 0.0000329 seconds
2019-09-30T17:03:49.072+0500: 4.594: Total time for which application threads were stopped: 0.0001229 seconds, Stopping threads took: 0.0000397 seconds
2019-09-30T17:03:49.177+0500: 4.698: Total time for which application threads were stopped: 0.0001067 seconds, Stopping threads took: 0.0000346 seconds
2019-09-30T17:03:49.586+0500: 5.108: Total time for which application threads were stopped: 0.0002820 seconds, Stopping threads took: 0.0001284 seconds
2019-09-30T17:03:49.594+0500: 5.115: Total time for which application threads were stopped: 0.0001203 seconds, Stopping threads took: 0.0000486 seconds
2019-09-30T17:03:49.594+0500: 5.115: Total time for which application threads were stopped: 0.0001028 seconds, Stopping threads took: 0.0000282 seconds
2019-09-30T17:03:49.595+0500: 5.117: Total time for which application threads were stopped: 0.0001438 seconds, Stopping threads took: 0.0000393 seconds
2019-09-30T17:03:49.615+0500: 5.136: Total time for which application threads were stopped: 0.0192371 seconds, Stopping threads took: 0.0191270 seconds
2019-09-30T17:03:49.616+0500: 5.137: Total time for which application threads were stopped: 0.0001745 seconds, Stopping threads took: 0.0000909 seconds
2019-09-30T17:03:49.617+0500: 5.138: Total time for which application threads were stopped: 0.0000951 seconds, Stopping threads took: 0.0000243 seconds
2019-09-30T17:03:49.618+0500: 5.139: Total time for which application threads were stopped: 0.0008000 seconds, Stopping threads took: 0.0007245 seconds
2019-09-30T17:03:49.622+0500: 5.143: Total time for which application threads were stopped: 0.0001442 seconds, Stopping threads took: 0.0000683 seconds
2019-09-30T17:03:49.627+0500: 5.148: Total time for which application threads were stopped: 0.0001207 seconds, Stopping threads took: 0.0000367 seconds
2019-09-30T17:03:49.629+0500: 5.150: Total time for which application threads were stopped: 0.0003136 seconds, Stopping threads took: 0.0002300 seconds
2019-09-30T17:03:49.629+0500: 5.150: Total time for which application threads were stopped: 0.0000905 seconds, Stopping threads took: 0.0000260 seconds
2019-09-30T17:03:49.630+0500: 5.150: Total time for which application threads were stopped: 0.0000887 seconds, Stopping threads took: 0.0000252 seconds
2019-09-30T17:03:49.691+0500: 5.212: Total time for which application threads were stopped: 0.0001762 seconds, Stopping threads took: 0.0000542 seconds
2019-09-30T17:03:49.694+0500: 5.216: Total time for which application threads were stopped: 0.0001301 seconds, Stopping threads took: 0.0000410 seconds
2019-09-30T17:03:49.705+0500: 5.226: Total time for which application threads were stopped: 0.0002701 seconds, Stopping threads took: 0.0001297 seconds
2019-09-30T17:03:49.729+0500: 5.250: Total time for which application threads were stopped: 0.0001493 seconds, Stopping threads took: 0.0000465 seconds
2019-09-30T17:03:49.729+0500: 5.250: Total time for which application threads were stopped: 0.0000887 seconds, Stopping threads took: 0.0000243 seconds
2019-09-30T17:03:49.730+0500: 5.251: Total time for which application threads were stopped: 0.0001122 seconds, Stopping threads took: 0.0000375 seconds
2019-09-30T17:03:49.731+0500: 5.252: Total time for which application threads were stopped: 0.0001118 seconds, Stopping threads took: 0.0000393 seconds
2019-09-30T17:03:49.733+0500: 5.254: Total time for which application threads were stopped: 0.0001331 seconds, Stopping threads took: 0.0000444 seconds
2019-09-30T17:03:49.738+0500: 5.259: Total time for which application threads were stopped: 0.0003209 seconds, Stopping threads took: 0.0002295 seconds
2019-09-30T17:03:49.742+0500: 5.263: Total time for which application threads were stopped: 0.0001335 seconds, Stopping threads took: 0.0000444 seconds
2019-09-30T17:03:49.744+0500: 5.265: Total time for which application threads were stopped: 0.0001331 seconds, Stopping threads took: 0.0000469 seconds
2019-09-30T17:03:49.754+0500: 5.275: Total time for which application threads were stopped: 0.0001361 seconds, Stopping threads took: 0.0000525 seconds
2019-09-30T17:03:49.755+0500: 5.277: Total time for which application threads were stopped: 0.0001161 seconds, Stopping threads took: 0.0000350 seconds
2019-09-30T17:03:49.757+0500: 5.278: Total time for which application threads were stopped: 0.0003004 seconds, Stopping threads took: 0.0002138 seconds
2019-09-30T17:03:49.759+0500: 5.280: Total time for which application threads were stopped: 0.0001335 seconds, Stopping threads took: 0.0000397 seconds
2019-09-30T17:03:49.760+0500: 5.281: Total time for which application threads were stopped: 0.0001105 seconds, Stopping threads took: 0.0000380 seconds
2019-09-30T17:03:49.762+0500: 5.283: Total time for which application threads were stopped: 0.0001212 seconds, Stopping threads took: 0.0000418 seconds
2019-09-30T17:03:49.763+0500: 5.284: Total time for which application threads were stopped: 0.0001506 seconds, Stopping threads took: 0.0000721 seconds
2019-09-30T17:03:49.765+0500: 5.286: Total time for which application threads were stopped: 0.0002867 seconds, Stopping threads took: 0.0001958 seconds
2019-09-30T17:03:49.766+0500: 5.288: Total time for which application threads were stopped: 0.0002914 seconds, Stopping threads took: 0.0002027 seconds
2019-09-30T17:03:49.768+0500: 5.289: Total time for which application threads were stopped: 0.0002918 seconds, Stopping threads took: 0.0002078 seconds
2019-09-30T17:03:49.770+0500: 5.291: Total time for which application threads were stopped: 0.0001301 seconds, Stopping threads took: 0.0000431 seconds
2019-09-30T17:03:49.783+0500: 5.304: Total time for which application threads were stopped: 0.0001365 seconds, Stopping threads took: 0.0000380 seconds
2019-09-30T17:03:49.789+0500: 5.310: Total time for which application threads were stopped: 0.0001600 seconds, Stopping threads took: 0.0000542 seconds
2019-09-30T17:03:49.789+0500: 5.310: Total time for which application threads were stopped: 0.0001365 seconds, Stopping threads took: 0.0000384 seconds
2019-09-30T17:03:49.792+0500: 5.313: Total time for which application threads were stopped: 0.0006054 seconds, Stopping threads took: 0.0001225 seconds
2019-09-30T17:03:49.856+0500: 5.377: Total time for which application threads were stopped: 0.0001860 seconds, Stopping threads took: 0.0000853 seconds
2019-09-30T17:03:49.858+0500: 5.379: Total time for which application threads were stopped: 0.0001165 seconds, Stopping threads took: 0.0000354 seconds
2019-09-30T17:03:49.862+0500: 5.383: Total time for which application threads were stopped: 0.0001195 seconds, Stopping threads took: 0.0000363 seconds
2019-09-30T17:03:49.879+0500: 5.400: Total time for which application threads were stopped: 0.0001510 seconds, Stopping threads took: 0.0000435 seconds
2019-09-30T17:03:49.880+0500: 5.401: Total time for which application threads were stopped: 0.0001229 seconds, Stopping threads took: 0.0000354 seconds
2019-09-30T17:03:49.889+0500: 5.410: Total time for which application threads were stopped: 0.0001254 seconds, Stopping threads took: 0.0000401 seconds
2019-09-30T17:03:49.924+0500: 5.445: Total time for which application threads were stopped: 0.0001617 seconds, Stopping threads took: 0.0000491 seconds
2019-09-30T17:03:49.927+0500: 5.448: Total time for which application threads were stopped: 0.0001993 seconds, Stopping threads took: 0.0000555 seconds
2019-09-30T17:03:49.956+0500: 5.477: Total time for which application threads were stopped: 0.0004429 seconds, Stopping threads took: 0.0000546 seconds
2019-09-30T17:03:49.962+0500: 5.483: Total time for which application threads were stopped: 0.0005359 seconds, Stopping threads took: 0.0001446 seconds
2019-09-30T17:03:50.012+0500: 5.533: Total time for which application threads were stopped: 0.0005585 seconds, Stopping threads took: 0.0000375 seconds
2019-09-30T17:03:50.025+0500: 5.546: Total time for which application threads were stopped: 0.0001882 seconds, Stopping threads took: 0.0000525 seconds
2019-09-30T17:03:50.027+0500: 5.548: Total time for which application threads were stopped: 0.0001920 seconds, Stopping threads took: 0.0000909 seconds
2019-09-30T17:03:50.027+0500: 5.548: Total time for which application threads were stopped: 0.0004429 seconds, Stopping threads took: 0.0002837 seconds
2019-09-30T17:03:50.046+0500: 5.567: Total time for which application threads were stopped: 0.0001673 seconds, Stopping threads took: 0.0000457 seconds
2019-09-30T17:03:50.046+0500: 5.567: Total time for which application threads were stopped: 0.0001254 seconds, Stopping threads took: 0.0000354 seconds
2019-09-30T17:03:50.048+0500: 5.570: Total time for which application threads were stopped: 0.0001984 seconds, Stopping threads took: 0.0001007 seconds
2019-09-30T17:03:50.049+0500: 5.570: Total time for which application threads were stopped: 0.0001600 seconds, Stopping threads took: 0.0000704 seconds
2019-09-30T17:03:50.049+0500: 5.571: Total time for which application threads were stopped: 0.0003575 seconds, Stopping threads took: 0.0002769 seconds
2019-09-30T17:03:50.050+0500: 5.571: Total time for which application threads were stopped: 0.0002782 seconds, Stopping threads took: 0.0001916 seconds
2019-09-30T17:03:50.051+0500: 5.572: Total time for which application threads were stopped: 0.0003072 seconds, Stopping threads took: 0.0002155 seconds
2019-09-30T17:03:50.160+0500: 5.681: Total time for which application threads were stopped: 0.0002355 seconds, Stopping threads took: 0.0001148 seconds
2019-09-30T17:03:50.160+0500: 5.681: Total time for which application threads were stopped: 0.0001220 seconds, Stopping threads took: 0.0000247 seconds
2019-09-30T17:03:50.161+0500: 5.682: Total time for which application threads were stopped: 0.0003635 seconds, Stopping threads took: 0.0002436 seconds
2019-09-30T17:03:50.164+0500: 5.685: Total time for which application threads were stopped: 0.0005508 seconds, Stopping threads took: 0.0001626 seconds
2019-09-30T17:03:50.166+0500: 5.687: Total time for which application threads were stopped: 0.0003567 seconds, Stopping threads took: 0.0002479 seconds
2019-09-30T17:03:50.166+0500: 5.687: Total time for which application threads were stopped: 0.0000998 seconds, Stopping threads took: 0.0000273 seconds
2019-09-30T17:03:50.167+0500: 5.688: Total time for which application threads were stopped: 0.0003089 seconds, Stopping threads took: 0.0002108 seconds
2019-09-30T17:03:50.167+0500: 5.688: Total time for which application threads were stopped: 0.0003968 seconds, Stopping threads took: 0.0003017 seconds
2019-09-30T17:03:50.169+0500: 5.690: Total time for which application threads were stopped: 0.0002240 seconds, Stopping threads took: 0.0000960 seconds
2019-09-30T17:03:50.171+0500: 5.692: Total time for which application threads were stopped: 0.0001830 seconds, Stopping threads took: 0.0000819 seconds
2019-09-30T17:03:50.174+0500: 5.695: Total time for which application threads were stopped: 0.0002368 seconds, Stopping threads took: 0.0000764 seconds
2019-09-30T17:03:50.174+0500: 5.695: Total time for which application threads were stopped: 0.0001916 seconds, Stopping threads took: 0.0000700 seconds
2019-09-30T17:03:50.174+0500: 5.695: Total time for which application threads were stopped: 0.0002846 seconds, Stopping threads took: 0.0001532 seconds
2019-09-30T17:03:50.176+0500: 5.697: Total time for which application threads were stopped: 0.0001929 seconds, Stopping threads took: 0.0000768 seconds
2019-09-30T17:03:50.177+0500: 5.698: Total time for which application threads were stopped: 0.0001975 seconds, Stopping threads took: 0.0001058 seconds
2019-09-30T17:03:50.202+0500: 5.723: Total time for which application threads were stopped: 0.0001958 seconds, Stopping threads took: 0.0000307 seconds
2019-09-30T17:03:50.206+0500: 5.727: Total time for which application threads were stopped: 0.0003593 seconds, Stopping threads took: 0.0002308 seconds
2019-09-30T17:03:50.206+0500: 5.727: Total time for which application threads were stopped: 0.0002351 seconds, Stopping threads took: 0.0001225 seconds
2019-09-30T17:03:50.206+0500: 5.727: Total time for which application threads were stopped: 0.0002470 seconds, Stopping threads took: 0.0001485 seconds
2019-09-30T17:03:50.207+0500: 5.728: Total time for which application threads were stopped: 0.0003226 seconds, Stopping threads took: 0.0000636 seconds
2019-09-30T17:03:50.207+0500: 5.728: Total time for which application threads were stopped: 0.0001660 seconds, Stopping threads took: 0.0000794 seconds
2019-09-30T17:03:50.210+0500: 5.730: Total time for which application threads were stopped: 0.0001515 seconds, Stopping threads took: 0.0000521 seconds
2019-09-30T17:03:50.210+0500: 5.731: Total time for which application threads were stopped: 0.0001779 seconds, Stopping threads took: 0.0000550 seconds
2019-09-30T17:03:50.211+0500: 5.732: Total time for which application threads were stopped: 0.0001732 seconds, Stopping threads took: 0.0000755 seconds
2019-09-30T17:03:50.212+0500: 5.733: Total time for which application threads were stopped: 0.0003191 seconds, Stopping threads took: 0.0002432 seconds
2019-09-30T17:03:50.216+0500: 5.737: Total time for which application threads were stopped: 0.0001916 seconds, Stopping threads took: 0.0000751 seconds
2019-09-30T17:03:50.224+0500: 5.745: Total time for which application threads were stopped: 0.0002086 seconds, Stopping threads took: 0.0000887 seconds
2019-09-30T17:03:50.235+0500: 5.756: Total time for which application threads were stopped: 0.0002769 seconds, Stopping threads took: 0.0001502 seconds
2019-09-30T17:03:50.240+0500: 5.761: Total time for which application threads were stopped: 0.0002244 seconds, Stopping threads took: 0.0000678 seconds
2019-09-30T17:03:50.242+0500: 5.763: Total time for which application threads were stopped: 0.0001988 seconds, Stopping threads took: 0.0001011 seconds
2019-09-30T17:03:50.253+0500: 5.774: Total time for which application threads were stopped: 0.0002189 seconds, Stopping threads took: 0.0001071 seconds
2019-09-30T17:03:50.257+0500: 5.778: Total time for which application threads were stopped: 0.0002133 seconds, Stopping threads took: 0.0000887 seconds
2019-09-30T17:03:50.266+0500: 5.786: Total time for which application threads were stopped: 0.0004006 seconds, Stopping threads took: 0.0002748 seconds
2019-09-30T17:03:50.277+0500: 5.797: Total time for which application threads were stopped: 0.0002231 seconds, Stopping threads took: 0.0000845 seconds
2019-09-30T17:03:50.277+0500: 5.799: Total time for which application threads were stopped: 0.0001617 seconds, Stopping threads took: 0.0000542 seconds
2019-09-30T17:03:50.279+0500: 5.801: Total time for which application threads were stopped: 0.0001758 seconds, Stopping threads took: 0.0000691 seconds
2019-09-30T17:03:50.290+0500: 5.812: Total time for which application threads were stopped: 0.0002731 seconds, Stopping threads took: 0.0001395 seconds
2019-09-30T17:03:50.291+0500: 5.812: Total time for which application threads were stopped: 0.0001323 seconds, Stopping threads took: 0.0000538 seconds
2019-09-30T17:03:50.292+0500: 5.814: Total time for which application threads were stopped: 0.0001911 seconds, Stopping threads took: 0.0000845 seconds
2019-09-30T17:03:50.299+0500: 5.820: Total time for which application threads were stopped: 0.0002641 seconds, Stopping threads took: 0.0000960 seconds
2019-09-30T17:03:50.307+0500: 5.828: Total time for which application threads were stopped: 0.0002069 seconds, Stopping threads took: 0.0000661 seconds
2019-09-30T17:03:50.316+0500: 5.838: Total time for which application threads were stopped: 0.0002321 seconds, Stopping threads took: 0.0000734 seconds
2019-09-30T17:03:50.348+0500: 5.869: Total time for which application threads were stopped: 0.0004506 seconds, Stopping threads took: 0.0003132 seconds
2019-09-30T17:03:50.356+0500: 5.877: Total time for which application threads were stopped: 0.0001860 seconds, Stopping threads took: 0.0000627 seconds
2019-09-30T17:03:50.372+0500: 5.894: Total time for which application threads were stopped: 0.0007825 seconds, Stopping threads took: 0.0001003 seconds
2019-09-30T17:03:50.380+0500: 5.901: Total time for which application threads were stopped: 0.0002867 seconds, Stopping threads took: 0.0001237 seconds
2019-09-30T17:03:50.391+0500: 5.912: Total time for which application threads were stopped: 0.0007113 seconds, Stopping threads took: 0.0005427 seconds
2019-09-30T17:03:50.437+0500: 5.958: Total time for which application threads were stopped: 0.0002078 seconds, Stopping threads took: 0.0000875 seconds
2019-09-30T17:03:50.448+0500: 5.970: Total time for which application threads were stopped: 0.0002014 seconds, Stopping threads took: 0.0000585 seconds
2019-09-30T17:03:50.519+0500: 6.040: Total time for which application threads were stopped: 0.0002389 seconds, Stopping threads took: 0.0000610 seconds
2019-09-30T17:03:50.526+0500: 6.047: Total time for which application threads were stopped: 0.0001711 seconds, Stopping threads took: 0.0000503 seconds
2019-09-30T17:03:50.537+0500: 6.058: Total time for which application threads were stopped: 0.0002291 seconds, Stopping threads took: 0.0000960 seconds
2019-09-30T17:03:50.556+0500: 6.077: Total time for which application threads were stopped: 0.0009941 seconds, Stopping threads took: 0.0000567 seconds
2019-09-30T17:03:50.737+0500: 6.259: Total time for which application threads were stopped: 0.0004006 seconds, Stopping threads took: 0.0002150 seconds
2019-09-30T17:03:50.738+0500: 6.259: Total time for which application threads were stopped: 0.0001574 seconds, Stopping threads took: 0.0000589 seconds
2019-09-30T17:03:50.744+0500: 6.266: Total time for which application threads were stopped: 0.0009963 seconds, Stopping threads took: 0.0008269 seconds
2019-09-30T17:03:50.745+0500: 6.266: Total time for which application threads were stopped: 0.0002142 seconds, Stopping threads took: 0.0000555 seconds
2019-09-30T17:03:50.816+0500: 6.338: Total time for which application threads were stopped: 0.0002773 seconds, Stopping threads took: 0.0000486 seconds
2019-09-30T17:03:50.835+0500: 6.357: Total time for which application threads were stopped: 0.0005525 seconds, Stopping threads took: 0.0000486 seconds
2019-09-30T17:03:51.277+0500: 6.798: Total time for which application threads were stopped: 0.0008043 seconds, Stopping threads took: 0.0001126 seconds
2019-09-30T17:03:51.324+0500: 6.845: Total time for which application threads were stopped: 0.0002829 seconds, Stopping threads took: 0.0001045 seconds
2019-09-30T17:03:51.327+0500: 6.848: Total time for which application threads were stopped: 0.0003362 seconds, Stopping threads took: 0.0001114 seconds
2019-09-30T17:03:51.330+0500: 6.851: Total time for which application threads were stopped: 0.0006135 seconds, Stopping threads took: 0.0000887 seconds
2019-09-30T17:03:51.331+0500: 6.852: Total time for which application threads were stopped: 0.0001963 seconds, Stopping threads took: 0.0000738 seconds
2019-09-30T17:03:51.331+0500: 6.852: Total time for which application threads were stopped: 0.0001459 seconds, Stopping threads took: 0.0000486 seconds
2019-09-30T17:03:51.428+0500: 6.949: Total time for which application threads were stopped: 0.0002769 seconds, Stopping threads took: 0.0001075 seconds
2019-09-30T17:03:51.429+0500: 6.950: Total time for which application threads were stopped: 0.0002142 seconds, Stopping threads took: 0.0000828 seconds
{Heap before GC invocations=5 (full 0):
 garbage-first heap   total 524288K, used 303447K [0x00000000e0000000, 0x00000000e0101000, 0x0000000100000000)
  region size 1024K, 282 young (288768K), 7 survivors (7168K)
 Metaspace       used 35126K, capacity 36390K, committed 36476K, reserved 1081344K
  class space    used 4299K, capacity 4581K, committed 4608K, reserved 1048576K
2019-09-30T17:03:51.479+0500: 7.000: [GC pause (Metadata GC Threshold) (young) (initial-mark)
Desired survivor size 20447232 bytes, new threshold 15 (max 15)
- age   1:    1520416 bytes,    1520416 total
- age   2:     834888 bytes,    2355304 total
, 0.0198178 secs]
   [Parallel Time: 15.0 ms, GC Workers: 4]
      [GC Worker Start (ms): Min: 7000.6, Avg: 7001.2, Max: 7002.3, Diff: 1.7]
      [Ext Root Scanning (ms): Min: 1.9, Avg: 3.9, Max: 8.0, Diff: 6.1, Sum: 15.5]
      [Update RS (ms): Min: 0.0, Avg: 0.5, Max: 0.9, Diff: 0.9, Sum: 1.9]
         [Processed Buffers: Min: 0, Avg: 4.0, Max: 10, Diff: 10, Sum: 16]
      [Scan RS (ms): Min: 0.0, Avg: 0.0, Max: 0.1, Diff: 0.0, Sum: 0.2]
      [Code Root Scanning (ms): Min: 0.0, Avg: 0.3, Max: 0.5, Diff: 0.5, Sum: 1.3]
      [Object Copy (ms): Min: 6.8, Avg: 9.6, Max: 10.7, Diff: 3.9, Sum: 38.3]
      [Termination (ms): Min: 0.0, Avg: 0.0, Max: 0.0, Diff: 0.0, Sum: 0.0]
         [Termination Attempts: Min: 1, Avg: 2.3, Max: 3, Diff: 2, Sum: 9]
      [GC Worker Other (ms): Min: 0.0, Avg: 0.0, Max: 0.0, Diff: 0.0, Sum: 0.1]
      [GC Worker Total (ms): Min: 13.2, Avg: 14.3, Max: 14.9, Diff: 1.7, Sum: 57.2]
      [GC Worker End (ms): Min: 7015.5, Avg: 7015.5, Max: 7015.5, Diff: 0.0]
   [Code Root Fixup: 0.1 ms]
   [Code Root Purge: 0.0 ms]
   [Clear CT: 0.1 ms]
   [Other: 4.6 ms]
      [Choose CSet: 0.0 ms]
      [Ref Proc: 4.0 ms]
      [Ref Enq: 0.1 ms]
      [Redirty Cards: 0.1 ms]
      [Humongous Register: 0.0 ms]
      [Humongous Reclaim: 0.0 ms]
      [Free CSet: 0.2 ms]
   [Eden: 275.0M(300.0M)->0.0B(284.0M) Survivors: 7168.0K->23.0M Heap: 297.3M(512.0M)->38.0M(512.0M)]
Heap after GC invocations=6 (full 0):
 garbage-first heap   total 524288K, used 38912K [0x00000000e0000000, 0x00000000e0101000, 0x0000000100000000)
  region size 1024K, 23 young (23552K), 23 survivors (23552K)
 Metaspace       used 35126K, capacity 36390K, committed 36476K, reserved 1081344K
  class space    used 4299K, capacity 4581K, committed 4608K, reserved 1048576K
}
 [Times: user=0.06 sys=0.00, real=0.02 secs] 
2019-09-30T17:03:51.499+0500: 7.020: [GC concurrent-root-region-scan-start]
2019-09-30T17:03:51.499+0500: 7.020: Total time for which application threads were stopped: 0.0204040 seconds, Stopping threads took: 0.0000521 seconds
2019-09-30T17:03:51.503+0500: 7.025: Total time for which application threads were stopped: 0.0003085 seconds, Stopping threads took: 0.0000849 seconds
2019-09-30T17:03:51.504+0500: 7.025: Total time for which application threads were stopped: 0.0001860 seconds, Stopping threads took: 0.0000576 seconds
2019-09-30T17:03:51.516+0500: 7.037: [GC concurrent-root-region-scan-end, 0.0169950 secs]
2019-09-30T17:03:51.516+0500: 7.037: [GC concurrent-mark-start]
2019-09-30T17:03:51.559+0500: 7.080: [GC concurrent-mark-end, 0.0425288 secs]
2019-09-30T17:03:51.559+0500: 7.080: [GC remark 2019-09-30T17:03:51.559+0500: 7.080: [Finalize Marking, 0.0001532 secs] 2019-09-30T17:03:51.560+0500: 7.080: [GC ref-proc, 0.0013845 secs] 2019-09-30T17:03:51.561+0500: 7.082: [Unloading, 0.0080491 secs], 0.0098611 secs]
 [Times: user=0.06 sys=0.00, real=0.01 secs] 
2019-09-30T17:03:51.569+0500: 7.090: Total time for which application threads were stopped: 0.0101235 seconds, Stopping threads took: 0.0000789 seconds
2019-09-30T17:03:51.569+0500: 7.090: [GC cleanup 51M->51M(512M), 0.0004604 secs]
 [Times: user=0.00 sys=0.00, real=0.00 secs] 
2019-09-30T17:03:51.570+0500: 7.091: Total time for which application threads were stopped: 0.0006980 seconds, Stopping threads took: 0.0000486 seconds
2019-09-30T17:03:51.607+0500: 7.128: Total time for which application threads were stopped: 0.0002500 seconds, Stopping threads took: 0.0000794 seconds
2019-09-30T17:03:51.815+0500: 7.337: Total time for which application threads were stopped: 0.0002449 seconds, Stopping threads took: 0.0000567 seconds
2019-09-30T17:03:51.964+0500: 7.485: Total time for which application threads were stopped: 0.0001954 seconds, Stopping threads took: 0.0000546 seconds
2019-09-30T17:03:51.974+0500: 7.495: Total time for which application threads were stopped: 0.0002624 seconds, Stopping threads took: 0.0001003 seconds
2019-09-30T17:03:51.977+0500: 7.499: Total time for which application threads were stopped: 0.0001591 seconds, Stopping threads took: 0.0000538 seconds
2019-09-30T17:03:51.978+0500: 7.500: Total time for which application threads were stopped: 0.0001596 seconds, Stopping threads took: 0.0000559 seconds
2019-09-30T17:03:51.979+0500: 7.500: Total time for which application threads were stopped: 0.0001557 seconds, Stopping threads took: 0.0000461 seconds
2019-09-30T17:03:51.987+0500: 7.508: Total time for which application threads were stopped: 0.0002035 seconds, Stopping threads took: 0.0000759 seconds
2019-09-30T17:03:51.998+0500: 7.519: Total time for which application threads were stopped: 0.0002227 seconds, Stopping threads took: 0.0000674 seconds
2019-09-30T17:03:52.007+0500: 7.528: Total time for which application threads were stopped: 0.0005495 seconds, Stopping threads took: 0.0000678 seconds
2019-09-30T17:03:52.076+0500: 7.597: Total time for which application threads were stopped: 0.0002530 seconds, Stopping threads took: 0.0000870 seconds
2019-09-30T17:03:52.119+0500: 7.640: Total time for which application threads were stopped: 0.0007825 seconds, Stopping threads took: 0.0000636 seconds
2019-09-30T17:03:52.378+0500: 7.899: Total time for which application threads were stopped: 0.0002257 seconds, Stopping threads took: 0.0000452 seconds
2019-09-30T17:03:52.380+0500: 7.901: Total time for which application threads were stopped: 0.0001583 seconds, Stopping threads took: 0.0000614 seconds
2019-09-30T17:03:52.382+0500: 7.903: Total time for which application threads were stopped: 0.0002236 seconds, Stopping threads took: 0.0000649 seconds
2019-09-30T17:03:52.386+0500: 7.906: Total time for which application threads were stopped: 0.0001937 seconds, Stopping threads took: 0.0000657 seconds
2019-09-30T17:03:52.386+0500: 7.907: Total time for which application threads were stopped: 0.0001463 seconds, Stopping threads took: 0.0000661 seconds
{Heap before GC invocations=7 (full 0):
 garbage-first heap   total 524288K, used 329728K [0x00000000e0000000, 0x00000000e0101000, 0x0000000100000000)
  region size 1024K, 307 young (314368K), 23 survivors (23552K)
 Metaspace       used 38018K, capacity 39288K, committed 39552K, reserved 1083392K
  class space    used 4632K, capacity 4918K, committed 4992K, reserved 1048576K
2019-09-30T17:03:52.549+0500: 8.070: [GC pause (G1 Evacuation Pause) (young)
Desired survivor size 20447232 bytes, new threshold 15 (max 15)
- age   1:    8127592 bytes,    8127592 total
- age   2:    1283296 bytes,    9410888 total
- age   3:     827552 bytes,   10238440 total
, 0.0129126 secs]
   [Parallel Time: 10.7 ms, GC Workers: 4]
      [GC Worker Start (ms): Min: 8069.8, Avg: 8069.9, Max: 8069.9, Diff: 0.0]
      [Ext Root Scanning (ms): Min: 0.5, Avg: 1.0, Max: 2.1, Diff: 1.6, Sum: 3.8]
      [Update RS (ms): Min: 0.0, Avg: 0.4, Max: 0.6, Diff: 0.6, Sum: 1.7]
         [Processed Buffers: Min: 0, Avg: 2.5, Max: 7, Diff: 7, Sum: 10]
      [Scan RS (ms): Min: 0.0, Avg: 0.0, Max: 0.1, Diff: 0.1, Sum: 0.2]
      [Code Root Scanning (ms): Min: 0.0, Avg: 0.6, Max: 1.1, Diff: 1.1, Sum: 2.3]
      [Object Copy (ms): Min: 8.3, Avg: 8.6, Max: 9.2, Diff: 0.9, Sum: 34.5]
      [Termination (ms): Min: 0.0, Avg: 0.0, Max: 0.0, Diff: 0.0, Sum: 0.0]
         [Termination Attempts: Min: 1, Avg: 1.0, Max: 1, Diff: 0, Sum: 4]
      [GC Worker Other (ms): Min: 0.0, Avg: 0.0, Max: 0.0, Diff: 0.0, Sum: 0.1]
      [GC Worker Total (ms): Min: 10.6, Avg: 10.7, Max: 10.7, Diff: 0.0, Sum: 42.6]
      [GC Worker End (ms): Min: 8080.5, Avg: 8080.5, Max: 8080.5, Diff: 0.0]
   [Code Root Fixup: 0.1 ms]
   [Code Root Purge: 0.0 ms]
   [Clear CT: 0.1 ms]
   [Other: 1.9 ms]
      [Choose CSet: 0.0 ms]
      [Ref Proc: 1.5 ms]
      [Ref Enq: 0.1 ms]
      [Redirty Cards: 0.1 ms]
      [Humongous Register: 0.0 ms]
      [Humongous Reclaim: 0.0 ms]
      [Free CSet: 0.2 ms]
   [Eden: 284.0M(284.0M)->0.0B(292.0M) Survivors: 23.0M->15.0M Heap: 322.0M(512.0M)->30.5M(512.0M)]
Heap after GC invocations=8 (full 0):
 garbage-first heap   total 524288K, used 31232K [0x00000000e0000000, 0x00000000e0101000, 0x0000000100000000)
  region size 1024K, 15 young (15360K), 15 survivors (15360K)
 Metaspace       used 38018K, capacity 39288K, committed 39552K, reserved 1083392K
  class space    used 4632K, capacity 4918K, committed 4992K, reserved 1048576K
}
 [Times: user=0.06 sys=0.00, real=0.01 secs] 
2019-09-30T17:03:52.561+0500: 8.083: Total time for which application threads were stopped: 0.0134353 seconds, Stopping threads took: 0.0000828 seconds
2019-09-30T17:03:52.563+0500: 8.084: Total time for which application threads were stopped: 0.0002479 seconds, Stopping threads took: 0.0001242 seconds
2019-09-30T17:03:52.563+0500: 8.084: Total time for which application threads were stopped: 0.0001980 seconds, Stopping threads took: 0.0000704 seconds
2019-09-30T17:03:52.932+0500: 8.453: Total time for which application threads were stopped: 0.0004753 seconds, Stopping threads took: 0.0002449 seconds
2019-09-30T17:03:52.951+0500: 8.472: Total time for which application threads were stopped: 0.0001690 seconds, Stopping threads took: 0.0000631 seconds
2019-09-30T17:03:52.951+0500: 8.472: Total time for which application threads were stopped: 0.0001003 seconds, Stopping threads took: 0.0000367 seconds
2019-09-30T17:03:52.951+0500: 8.472: Total time for which application threads were stopped: 0.0000811 seconds, Stopping threads took: 0.0000333 seconds
2019-09-30T17:03:52.951+0500: 8.472: Total time for which application threads were stopped: 0.0000811 seconds, Stopping threads took: 0.0000316 seconds
2019-09-30T17:03:52.951+0500: 8.472: Total time for which application threads were stopped: 0.0000759 seconds, Stopping threads took: 0.0000303 seconds
2019-09-30T17:03:52.951+0500: 8.472: Total time for which application threads were stopped: 0.0000845 seconds, Stopping threads took: 0.0000311 seconds
2019-09-30T17:03:52.966+0500: 8.487: Total time for which application threads were stopped: 0.0005820 seconds, Stopping threads took: 0.0000410 seconds
2019-09-30T17:03:52.997+0500: 8.518: Total time for which application threads were stopped: 0.0002283 seconds, Stopping threads took: 0.0000721 seconds
2019-09-30T17:03:53.000+0500: 8.521: Total time for which application threads were stopped: 0.0002543 seconds, Stopping threads took: 0.0000738 seconds
2019-09-30T17:03:53.349+0500: 8.871: Total time for which application threads were stopped: 0.0002816 seconds, Stopping threads took: 0.0000794 seconds
2019-09-30T17:03:53.350+0500: 8.872: Total time for which application threads were stopped: 0.0002035 seconds, Stopping threads took: 0.0000683 seconds
2019-09-30T17:03:53.362+0500: 8.883: Total time for which application threads were stopped: 0.0002573 seconds, Stopping threads took: 0.0000977 seconds
2019-09-30T17:03:53.363+0500: 8.884: Total time for which application threads were stopped: 0.0002155 seconds, Stopping threads took: 0.0000687 seconds
2019-09-30T17:03:53.466+0500: 8.988: Total time for which application threads were stopped: 0.0002022 seconds, Stopping threads took: 0.0000546 seconds
2019-09-30T17:03:53.493+0500: 9.014: Total time for which application threads were stopped: 0.0002513 seconds, Stopping threads took: 0.0000990 seconds
2019-09-30T17:03:53.501+0500: 9.022: Total time for which application threads were stopped: 0.0001694 seconds, Stopping threads took: 0.0000508 seconds
2019-09-30T17:03:53.508+0500: 9.029: Total time for which application threads were stopped: 0.0001967 seconds, Stopping threads took: 0.0000619 seconds
2019-09-30T17:03:53.516+0500: 9.037: Total time for which application threads were stopped: 0.0002189 seconds, Stopping threads took: 0.0000538 seconds
2019-09-30T17:03:53.735+0500: 9.256: Total time for which application threads were stopped: 0.0002650 seconds, Stopping threads took: 0.0000533 seconds
2019-09-30T17:03:53.804+0500: 9.325: Total time for which application threads were stopped: 0.0003119 seconds, Stopping threads took: 0.0000887 seconds
2019-09-30T17:03:53.804+0500: 9.326: Total time for which application threads were stopped: 0.0002116 seconds, Stopping threads took: 0.0000589 seconds
2019-09-30T17:03:53.818+0500: 9.340: Total time for which application threads were stopped: 0.0007134 seconds, Stopping threads took: 0.0005355 seconds
2019-09-30T17:03:53.824+0500: 9.345: Total time for which application threads were stopped: 0.0009681 seconds, Stopping threads took: 0.0002078 seconds
2019-09-30T17:03:53.855+0500: 9.376: Total time for which application threads were stopped: 0.0006242 seconds, Stopping threads took: 0.0000495 seconds
2019-09-30T17:03:53.863+0500: 9.384: Total time for which application threads were stopped: 0.0001882 seconds, Stopping threads took: 0.0000457 seconds
2019-09-30T17:03:53.886+0500: 9.407: Total time for which application threads were stopped: 0.0008196 seconds, Stopping threads took: 0.0001280 seconds
2019-09-30T17:03:53.906+0500: 9.427: Total time for which application threads were stopped: 0.0002620 seconds, Stopping threads took: 0.0001028 seconds
2019-09-30T17:03:53.914+0500: 9.434: Total time for which application threads were stopped: 0.0002594 seconds, Stopping threads took: 0.0000900 seconds
2019-09-30T17:03:53.945+0500: 9.466: Total time for which application threads were stopped: 0.0006665 seconds, Stopping threads took: 0.0000734 seconds
2019-09-30T17:03:53.946+0500: 9.467: Total time for which application threads were stopped: 0.0002330 seconds, Stopping threads took: 0.0000853 seconds
2019-09-30T17:03:53.954+0500: 9.475: Total time for which application threads were stopped: 0.0001946 seconds, Stopping threads took: 0.0000529 seconds
2019-09-30T17:03:54.055+0500: 9.576: Total time for which application threads were stopped: 0.0002133 seconds, Stopping threads took: 0.0000725 seconds
2019-09-30T17:03:54.056+0500: 9.577: Total time for which application threads were stopped: 0.0001732 seconds, Stopping threads took: 0.0000742 seconds
2019-09-30T17:03:54.056+0500: 9.577: Total time for which application threads were stopped: 0.0001143 seconds, Stopping threads took: 0.0000482 seconds
2019-09-30T17:03:54.056+0500: 9.577: Total time for which application threads were stopped: 0.0001109 seconds, Stopping threads took: 0.0000486 seconds
2019-09-30T17:03:54.056+0500: 9.577: Total time for which application threads were stopped: 0.0001084 seconds, Stopping threads took: 0.0000465 seconds
2019-09-30T17:03:54.059+0500: 9.581: Total time for which application threads were stopped: 0.0002206 seconds, Stopping threads took: 0.0000717 seconds
2019-09-30T17:03:54.065+0500: 9.586: Total time for which application threads were stopped: 0.0007113 seconds, Stopping threads took: 0.0005645 seconds
2019-09-30T17:03:54.065+0500: 9.586: Total time for which application threads were stopped: 0.0001813 seconds, Stopping threads took: 0.0000495 seconds
2019-09-30T17:03:54.124+0500: 9.646: Total time for which application threads were stopped: 0.0002556 seconds, Stopping threads took: 0.0000550 seconds
2019-09-30T17:03:54.191+0500: 9.712: Total time for which application threads were stopped: 0.0001946 seconds, Stopping threads took: 0.0000614 seconds
2019-09-30T17:03:54.205+0500: 9.726: Total time for which application threads were stopped: 0.0001758 seconds, Stopping threads took: 0.0000597 seconds
2019-09-30T17:03:54.235+0500: 9.756: Total time for which application threads were stopped: 0.0001668 seconds, Stopping threads took: 0.0000422 seconds
2019-09-30T17:03:54.261+0500: 9.782: Total time for which application threads were stopped: 0.0001993 seconds, Stopping threads took: 0.0000905 seconds
2019-09-30T17:03:54.307+0500: 9.829: Total time for which application threads were stopped: 0.0002867 seconds, Stopping threads took: 0.0000866 seconds
{Heap before GC invocations=8 (full 0):
 garbage-first heap   total 524288K, used 330240K [0x00000000e0000000, 0x00000000e0101000, 0x0000000100000000)
  region size 1024K, 307 young (314368K), 15 survivors (15360K)
 Metaspace       used 44943K, capacity 46640K, committed 46720K, reserved 1089536K
  class space    used 5581K, capacity 5944K, committed 6016K, reserved 1048576K
2019-09-30T17:03:54.308+0500: 9.830: [GC pause (G1 Evacuation Pause) (young)
Desired survivor size 20447232 bytes, new threshold 15 (max 15)
- age   1:    2417712 bytes,    2417712 total
- age   2:    6623784 bytes,    9041496 total
- age   3:    1275880 bytes,   10317376 total
- age   4:     818864 bytes,   11136240 total
, 0.0313689 secs]
   [Parallel Time: 27.3 ms, GC Workers: 4]
      [GC Worker Start (ms): Min: 9829.9, Avg: 9829.9, Max: 9829.9, Diff: 0.0]
      [Ext Root Scanning (ms): Min: 1.1, Avg: 1.9, Max: 4.0, Diff: 2.9, Sum: 7.6]
      [Update RS (ms): Min: 0.0, Avg: 0.8, Max: 1.2, Diff: 1.2, Sum: 3.1]
         [Processed Buffers: Min: 0, Avg: 4.0, Max: 9, Diff: 9, Sum: 16]
      [Scan RS (ms): Min: 0.0, Avg: 0.1, Max: 0.1, Diff: 0.1, Sum: 0.2]
      [Code Root Scanning (ms): Min: 0.0, Avg: 1.2, Max: 2.2, Diff: 2.2, Sum: 4.7]
      [Object Copy (ms): Min: 22.4, Avg: 23.2, Max: 24.5, Diff: 2.1, Sum: 92.6]
      [Termination (ms): Min: 0.0, Avg: 0.0, Max: 0.0, Diff: 0.0, Sum: 0.0]
         [Termination Attempts: Min: 1, Avg: 1.0, Max: 1, Diff: 0, Sum: 4]
      [GC Worker Other (ms): Min: 0.0, Avg: 0.0, Max: 0.0, Diff: 0.0, Sum: 0.1]
      [GC Worker Total (ms): Min: 27.1, Avg: 27.1, Max: 27.1, Diff: 0.0, Sum: 108.4]
      [GC Worker End (ms): Min: 9857.0, Avg: 9857.0, Max: 9857.0, Diff: 0.0]
   [Code Root Fixup: 0.1 ms]
   [Code Root Purge: 0.0 ms]
   [Clear CT: 0.1 ms]
   [Other: 3.8 ms]
      [Choose CSet: 0.0 ms]
      [Ref Proc: 3.2 ms]
      [Ref Enq: 0.1 ms]
      [Redirty Cards: 0.1 ms]
      [Humongous Register: 0.0 ms]
      [Humongous Reclaim: 0.0 ms]
      [Free CSet: 0.3 ms]
   [Eden: 292.0M(292.0M)->0.0B(282.0M) Survivors: 15.0M->25.0M Heap: 322.5M(512.0M)->40.0M(512.0M)]
Heap after GC invocations=9 (full 0):
 garbage-first heap   total 524288K, used 40960K [0x00000000e0000000, 0x00000000e0101000, 0x0000000100000000)
  region size 1024K, 25 young (25600K), 25 survivors (25600K)
 Metaspace       used 44943K, capacity 46640K, committed 46720K, reserved 1089536K
  class space    used 5581K, capacity 5944K, committed 6016K, reserved 1048576K
}
 [Times: user=0.13 sys=0.00, real=0.03 secs] 
2019-09-30T17:03:54.340+0500: 9.861: Total time for which application threads were stopped: 0.0318660 seconds, Stopping threads took: 0.0000478 seconds
2019-09-30T17:03:54.344+0500: 9.865: Total time for which application threads were stopped: 0.0002150 seconds, Stopping threads took: 0.0000939 seconds
2019-09-30T17:03:54.363+0500: 9.884: Total time for which application threads were stopped: 0.0002351 seconds, Stopping threads took: 0.0000994 seconds
2019-09-30T17:03:54.363+0500: 9.884: Total time for which application threads were stopped: 0.0001685 seconds, Stopping threads took: 0.0000533 seconds
2019-09-30T17:03:54.363+0500: 9.885: Total time for which application threads were stopped: 0.0001536 seconds, Stopping threads took: 0.0000482 seconds
2019-09-30T17:03:54.363+0500: 9.885: Total time for which application threads were stopped: 0.0001408 seconds, Stopping threads took: 0.0000461 seconds
2019-09-30T17:03:54.364+0500: 9.885: Total time for which application threads were stopped: 0.0001523 seconds, Stopping threads took: 0.0000499 seconds
2019-09-30T17:03:54.375+0500: 9.896: Total time for which application threads were stopped: 0.0017553 seconds, Stopping threads took: 0.0015915 seconds
2019-09-30T17:03:54.393+0500: 9.914: Total time for which application threads were stopped: 0.0004156 seconds, Stopping threads took: 0.0002889 seconds
2019-09-30T17:03:54.395+0500: 9.916: Total time for which application threads were stopped: 0.0004143 seconds, Stopping threads took: 0.0002825 seconds
2019-09-30T17:03:54.396+0500: 9.917: Total time for which application threads were stopped: 0.0004762 seconds, Stopping threads took: 0.0003136 seconds
2019-09-30T17:03:54.397+0500: 9.918: Total time for which application threads were stopped: 0.0001920 seconds, Stopping threads took: 0.0000751 seconds
2019-09-30T17:03:54.397+0500: 9.918: Total time for which application threads were stopped: 0.0001813 seconds, Stopping threads took: 0.0000546 seconds
2019-09-30T17:03:54.399+0500: 9.920: Total time for which application threads were stopped: 0.0002069 seconds, Stopping threads took: 0.0000905 seconds
2019-09-30T17:03:55.399+0500: 10.920: Total time for which application threads were stopped: 0.0002684 seconds, Stopping threads took: 0.0000649 seconds
2019-09-30T17:03:57.400+0500: 12.921: Total time for which application threads were stopped: 0.0002317 seconds, Stopping threads took: 0.0000550 seconds
2019-09-30T17:04:00.303+0500: 15.824: Total time for which application threads were stopped: 0.0003712 seconds, Stopping threads took: 0.0000875 seconds
2019-09-30T17:04:01.304+0500: 16.825: Total time for which application threads were stopped: 0.0002159 seconds, Stopping threads took: 0.0000542 seconds
2019-09-30T17:04:01.936+0500: 17.458: Total time for which application threads were stopped: 0.0002138 seconds, Stopping threads took: 0.0000525 seconds
2019-09-30T17:04:02.937+0500: 18.458: Total time for which application threads were stopped: 0.0002112 seconds, Stopping threads took: 0.0000478 seconds
2019-09-30T17:04:04.937+0500: 20.458: Total time for which application threads were stopped: 0.0002214 seconds, Stopping threads took: 0.0000704 seconds
2019-09-30T17:04:05.937+0500: 21.458: Total time for which application threads were stopped: 0.0002214 seconds, Stopping threads took: 0.0000516 seconds
2019-09-30T17:04:06.569+0500: 22.090: Total time for which application threads were stopped: 0.0002428 seconds, Stopping threads took: 0.0000580 seconds
2019-09-30T17:04:06.588+0500: 22.109: Total time for which application threads were stopped: 0.0002487 seconds, Stopping threads took: 0.0000661 seconds
2019-09-30T17:04:06.618+0500: 22.139: Total time for which application threads were stopped: 0.0002078 seconds, Stopping threads took: 0.0000585 seconds
2019-09-30T17:04:06.727+0500: 22.248: Total time for which application threads were stopped: 0.0002487 seconds, Stopping threads took: 0.0000585 seconds
2019-09-30T17:04:07.728+0500: 23.249: Total time for which application threads were stopped: 0.0002022 seconds, Stopping threads took: 0.0000469 seconds
2019-09-30T17:04:09.729+0500: 25.250: Total time for which application threads were stopped: 0.0002044 seconds, Stopping threads took: 0.0000610 seconds
2019-09-30T17:04:13.730+0500: 29.251: Total time for which application threads were stopped: 0.0002470 seconds, Stopping threads took: 0.0001131 seconds
2019-09-30T17:04:24.740+0500: 40.261: Total time for which application threads were stopped: 0.0001924 seconds, Stopping threads took: 0.0000457 seconds
2019-09-30T17:04:34.752+0500: 50.273: Total time for which application threads were stopped: 0.0002313 seconds, Stopping threads took: 0.0000759 seconds
2019-09-30T17:04:38.753+0500: 54.274: Total time for which application threads were stopped: 0.0002044 seconds, Stopping threads took: 0.0000589 seconds
2019-09-30T17:04:50.515+0500: 66.037: Total time for which application threads were stopped: 0.0002099 seconds, Stopping threads took: 0.0000469 seconds
2019-09-30T17:04:50.559+0500: 66.080: Total time for which application threads were stopped: 0.0002603 seconds, Stopping threads took: 0.0000806 seconds
2019-09-30T17:04:50.559+0500: 66.080: Total time for which application threads were stopped: 0.0002219 seconds, Stopping threads took: 0.0000439 seconds
2019-09-30T17:04:50.588+0500: 66.109: Total time for which application threads were stopped: 0.0004489 seconds, Stopping threads took: 0.0002244 seconds
2019-09-30T17:04:50.588+0500: 66.110: Total time for which application threads were stopped: 0.0002688 seconds, Stopping threads took: 0.0000695 seconds
2019-09-30T17:04:50.608+0500: 66.129: Total time for which application threads were stopped: 0.0010628 seconds, Stopping threads took: 0.0003575 seconds
2019-09-30T17:04:50.790+0500: 66.310: Total time for which application threads were stopped: 0.0004126 seconds, Stopping threads took: 0.0001562 seconds
2019-09-30T17:04:50.790+0500: 66.311: Total time for which application threads were stopped: 0.0003046 seconds, Stopping threads took: 0.0000730 seconds
2019-09-30T17:04:50.793+0500: 66.313: Total time for which application threads were stopped: 0.0004279 seconds, Stopping threads took: 0.0002462 seconds
2019-09-30T17:04:50.793+0500: 66.314: Total time for which application threads were stopped: 0.0002505 seconds, Stopping threads took: 0.0000563 seconds
2019-09-30T17:04:50.794+0500: 66.315: Total time for which application threads were stopped: 0.0003819 seconds, Stopping threads took: 0.0001894 seconds
2019-09-30T17:04:50.795+0500: 66.316: Total time for which application threads were stopped: 0.0011140 seconds, Stopping threads took: 0.0003900 seconds
2019-09-30T17:04:50.798+0500: 66.319: Total time for which application threads were stopped: 0.0007100 seconds, Stopping threads took: 0.0005001 seconds
2019-09-30T17:04:50.846+0500: 66.368: Total time for which application threads were stopped: 0.0007364 seconds, Stopping threads took: 0.0000572 seconds
2019-09-30T17:04:50.848+0500: 66.370: Total time for which application threads were stopped: 0.0002522 seconds, Stopping threads took: 0.0000576 seconds
2019-09-30T17:04:50.856+0500: 66.377: Total time for which application threads were stopped: 0.0004574 seconds, Stopping threads took: 0.0001195 seconds
2019-09-30T17:04:50.897+0500: 66.418: Total time for which application threads were stopped: 0.0025139 seconds, Stopping threads took: 0.0023467 seconds
2019-09-30T17:04:50.898+0500: 66.420: Total time for which application threads were stopped: 0.0002441 seconds, Stopping threads took: 0.0000721 seconds
2019-09-30T17:04:50.902+0500: 66.423: Total time for which application threads were stopped: 0.0004945 seconds, Stopping threads took: 0.0002901 seconds
2019-09-30T17:04:50.906+0500: 66.427: Total time for which application threads were stopped: 0.0002662 seconds, Stopping threads took: 0.0000802 seconds
2019-09-30T17:04:50.906+0500: 66.428: Total time for which application threads were stopped: 0.0002236 seconds, Stopping threads took: 0.0000644 seconds
2019-09-30T17:04:50.913+0500: 66.435: Total time for which application threads were stopped: 0.0002342 seconds, Stopping threads took: 0.0000631 seconds
2019-09-30T17:04:50.914+0500: 66.436: Total time for which application threads were stopped: 0.0002534 seconds, Stopping threads took: 0.0000538 seconds
2019-09-30T17:04:50.917+0500: 66.438: Total time for which application threads were stopped: 0.0002816 seconds, Stopping threads took: 0.0000943 seconds
2019-09-30T17:04:50.997+0500: 66.518: Total time for which application threads were stopped: 0.0018658 seconds, Stopping threads took: 0.0016815 seconds
2019-09-30T17:04:51.003+0500: 66.525: Total time for which application threads were stopped: 0.0002321 seconds, Stopping threads took: 0.0000695 seconds
2019-09-30T17:04:51.024+0500: 66.546: Total time for which application threads were stopped: 0.0002598 seconds, Stopping threads took: 0.0000879 seconds
2019-09-30T17:04:51.095+0500: 66.617: Total time for which application threads were stopped: 0.0236821 seconds, Stopping threads took: 0.0227729 seconds
2019-09-30T17:04:51.299+0500: 66.821: Total time for which application threads were stopped: 0.0040636 seconds, Stopping threads took: 0.0038020 seconds
2019-09-30T17:04:51.300+0500: 66.821: Total time for which application threads were stopped: 0.0002829 seconds, Stopping threads took: 0.0000866 seconds
2019-09-30T17:04:51.313+0500: 66.835: Total time for which application threads were stopped: 0.0021517 seconds, Stopping threads took: 0.0019383 seconds
2019-09-30T17:04:51.318+0500: 66.839: Total time for which application threads were stopped: 0.0002876 seconds, Stopping threads took: 0.0000956 seconds
2019-09-30T17:04:51.318+0500: 66.840: Total time for which application threads were stopped: 0.0003307 seconds, Stopping threads took: 0.0000794 seconds
2019-09-30T17:04:51.473+0500: 66.994: Total time for which application threads were stopped: 0.0003998 seconds, Stopping threads took: 0.0001916 seconds
2019-09-30T17:04:51.473+0500: 66.994: Total time for which application threads were stopped: 0.0002483 seconds, Stopping threads took: 0.0000687 seconds
2019-09-30T17:04:51.486+0500: 67.007: Total time for which application threads were stopped: 0.0002765 seconds, Stopping threads took: 0.0000781 seconds
2019-09-30T17:04:52.183+0500: 67.704: Total time for which application threads were stopped: 0.0021009 seconds, Stopping threads took: 0.0018965 seconds
2019-09-30T17:04:52.187+0500: 67.708: Total time for which application threads were stopped: 0.0023812 seconds, Stopping threads took: 0.0021662 seconds
2019-09-30T17:04:52.373+0500: 67.894: Total time for which application threads were stopped: 0.0018099 seconds, Stopping threads took: 0.0015693 seconds
2019-09-30T17:04:52.373+0500: 67.894: Total time for which application threads were stopped: 0.0002227 seconds, Stopping threads took: 0.0000627 seconds
2019-09-30T17:04:52.477+0500: 67.998: Total time for which application threads were stopped: 0.0002833 seconds, Stopping threads took: 0.0000943 seconds
2019-09-30T17:04:52.548+0500: 68.069: Total time for which application threads were stopped: 0.0003200 seconds, Stopping threads took: 0.0000738 seconds
2019-09-30T17:04:52.600+0500: 68.121: Total time for which application threads were stopped: 0.0002372 seconds, Stopping threads took: 0.0000700 seconds
2019-09-30T17:04:52.601+0500: 68.122: Total time for which application threads were stopped: 0.0001946 seconds, Stopping threads took: 0.0000457 seconds
2019-09-30T17:04:52.659+0500: 68.180: Total time for which application threads were stopped: 0.0054908 seconds, Stopping threads took: 0.0052860 seconds
2019-09-30T17:04:52.662+0500: 68.183: Total time for which application threads were stopped: 0.0002970 seconds, Stopping threads took: 0.0001101 seconds
2019-09-30T17:04:52.663+0500: 68.183: Total time for which application threads were stopped: 0.0002423 seconds, Stopping threads took: 0.0000670 seconds
2019-09-30T17:04:52.664+0500: 68.185: Total time for which application threads were stopped: 0.0002615 seconds, Stopping threads took: 0.0000546 seconds
2019-09-30T17:04:52.758+0500: 68.279: Total time for which application threads were stopped: 0.0449326 seconds, Stopping threads took: 0.0447044 seconds
2019-09-30T17:04:52.762+0500: 68.283: Total time for which application threads were stopped: 0.0002547 seconds, Stopping threads took: 0.0000887 seconds
2019-09-30T17:04:52.953+0500: 68.474: Total time for which application threads were stopped: 0.0005598 seconds, Stopping threads took: 0.0003170 seconds
2019-09-30T17:04:52.954+0500: 68.475: Total time for which application threads were stopped: 0.0006895 seconds, Stopping threads took: 0.0000303 seconds
2019-09-30T17:04:53.042+0500: 68.562: Total time for which application threads were stopped: 0.0021969 seconds, Stopping threads took: 0.0019908 seconds
2019-09-30T17:04:53.042+0500: 68.563: Total time for which application threads were stopped: 0.0002121 seconds, Stopping threads took: 0.0000563 seconds
2019-09-30T17:04:53.042+0500: 68.563: Total time for which application threads were stopped: 0.0001946 seconds, Stopping threads took: 0.0000410 seconds
2019-09-30T17:04:53.043+0500: 68.563: Total time for which application threads were stopped: 0.0002069 seconds, Stopping threads took: 0.0000265 seconds
2019-09-30T17:04:53.043+0500: 68.564: Total time for which application threads were stopped: 0.0001626 seconds, Stopping threads took: 0.0000363 seconds
2019-09-30T17:04:53.043+0500: 68.564: Total time for which application threads were stopped: 0.0001771 seconds, Stopping threads took: 0.0000435 seconds
2019-09-30T17:04:53.043+0500: 68.564: Total time for which application threads were stopped: 0.0001378 seconds, Stopping threads took: 0.0000201 seconds
2019-09-30T17:04:53.051+0500: 68.572: Total time for which application threads were stopped: 0.0002825 seconds, Stopping threads took: 0.0000815 seconds
2019-09-30T17:04:53.052+0500: 68.573: Total time for which application threads were stopped: 0.0002219 seconds, Stopping threads took: 0.0000926 seconds
2019-09-30T17:04:53.052+0500: 68.573: Total time for which application threads were stopped: 0.0001911 seconds, Stopping threads took: 0.0000542 seconds
2019-09-30T17:04:53.052+0500: 68.573: Total time for which application threads were stopped: 0.0001830 seconds, Stopping threads took: 0.0000521 seconds
2019-09-30T17:04:53.052+0500: 68.573: Total time for which application threads were stopped: 0.0001489 seconds, Stopping threads took: 0.0000555 seconds
2019-09-30T17:04:53.052+0500: 68.573: Total time for which application threads were stopped: 0.0001664 seconds, Stopping threads took: 0.0000448 seconds
2019-09-30T17:04:53.052+0500: 68.574: Total time for which application threads were stopped: 0.0001574 seconds, Stopping threads took: 0.0000435 seconds
2019-09-30T17:04:53.052+0500: 68.574: Total time for which application threads were stopped: 0.0001199 seconds, Stopping threads took: 0.0000422 seconds
2019-09-30T17:04:53.052+0500: 68.574: Total time for which application threads were stopped: 0.0000922 seconds, Stopping threads took: 0.0000222 seconds
2019-09-30T17:04:53.052+0500: 68.574: Total time for which application threads were stopped: 0.0000917 seconds, Stopping threads took: 0.0000243 seconds
2019-09-30T17:04:53.052+0500: 68.574: Total time for which application threads were stopped: 0.0001122 seconds, Stopping threads took: 0.0000431 seconds
2019-09-30T17:04:53.053+0500: 68.574: Total time for which application threads were stopped: 0.0001122 seconds, Stopping threads took: 0.0000418 seconds
2019-09-30T17:04:53.053+0500: 68.575: Total time for which application threads were stopped: 0.0000875 seconds, Stopping threads took: 0.0000226 seconds
2019-09-30T17:04:53.053+0500: 68.575: Total time for which application threads were stopped: 0.0001092 seconds, Stopping threads took: 0.0000397 seconds
2019-09-30T17:04:53.053+0500: 68.575: Total time for which application threads were stopped: 0.0000917 seconds, Stopping threads took: 0.0000243 seconds
2019-09-30T17:04:53.053+0500: 68.575: Total time for which application threads were stopped: 0.0001139 seconds, Stopping threads took: 0.0000431 seconds
2019-09-30T17:04:53.053+0500: 68.575: Total time for which application threads were stopped: 0.0001314 seconds, Stopping threads took: 0.0000243 seconds
2019-09-30T17:04:53.053+0500: 68.575: Total time for which application threads were stopped: 0.0001165 seconds, Stopping threads took: 0.0000431 seconds
2019-09-30T17:04:53.054+0500: 68.575: Total time for which application threads were stopped: 0.0001015 seconds, Stopping threads took: 0.0000247 seconds
2019-09-30T17:04:53.054+0500: 68.575: Total time for which application threads were stopped: 0.0000883 seconds, Stopping threads took: 0.0000222 seconds
2019-09-30T17:04:53.054+0500: 68.576: Total time for which application threads were stopped: 0.0004361 seconds, Stopping threads took: 0.0000222 seconds
2019-09-30T17:04:53.057+0500: 68.578: Total time for which application threads were stopped: 0.0002620 seconds, Stopping threads took: 0.0000751 seconds
2019-09-30T17:04:53.060+0500: 68.581: Total time for which application threads were stopped: 0.0002982 seconds, Stopping threads took: 0.0001079 seconds
2019-09-30T17:04:53.060+0500: 68.582: Total time for which application threads were stopped: 0.0001988 seconds, Stopping threads took: 0.0000469 seconds
2019-09-30T17:04:53.060+0500: 68.582: Total time for which application threads were stopped: 0.0001792 seconds, Stopping threads took: 0.0000516 seconds
2019-09-30T17:04:53.062+0500: 68.583: Total time for which application threads were stopped: 0.0002261 seconds, Stopping threads took: 0.0000708 seconds
2019-09-30T17:04:53.064+0500: 68.585: Total time for which application threads were stopped: 0.0002906 seconds, Stopping threads took: 0.0000960 seconds
2019-09-30T17:04:53.065+0500: 68.586: Total time for which application threads were stopped: 0.0002381 seconds, Stopping threads took: 0.0000909 seconds
2019-09-30T17:04:53.065+0500: 68.587: Total time for which application threads were stopped: 0.0001570 seconds, Stopping threads took: 0.0000495 seconds
2019-09-30T17:04:53.092+0500: 68.614: Total time for which application threads were stopped: 0.0010633 seconds, Stopping threads took: 0.0000670 seconds
2019-09-30T17:04:54.093+0500: 69.614: Total time for which application threads were stopped: 0.0002018 seconds, Stopping threads took: 0.0000606 seconds
2019-09-30T17:05:14.103+0500: 89.624: Total time for which application threads were stopped: 0.0001830 seconds, Stopping threads took: 0.0000491 seconds
2019-09-30T17:05:16.106+0500: 91.627: Total time for which application threads were stopped: 0.0001963 seconds, Stopping threads took: 0.0000499 seconds
2019-09-30T17:05:36.116+0500: 111.637: Total time for which application threads were stopped: 0.0003260 seconds, Stopping threads took: 0.0000969 seconds
2019-09-30T17:05:41.119+0500: 116.640: Total time for which application threads were stopped: 0.0001865 seconds, Stopping threads took: 0.0000457 seconds
2019-09-30T17:05:44.120+0500: 119.641: Total time for which application threads were stopped: 0.0002743 seconds, Stopping threads took: 0.0000823 seconds
2019-09-30T17:05:45.120+0500: 120.641: Total time for which application threads were stopped: 0.0001852 seconds, Stopping threads took: 0.0000482 seconds
2019-09-30T17:05:48.122+0500: 123.643: Total time for which application threads were stopped: 0.0002342 seconds, Stopping threads took: 0.0000580 seconds
2019-09-30T17:05:49.122+0500: 124.643: Total time for which application threads were stopped: 0.0002342 seconds, Stopping threads took: 0.0000640 seconds
2019-09-30T17:05:50.573+0500: 126.094: Total time for which application threads were stopped: 0.0003332 seconds, Stopping threads took: 0.0001532 seconds
2019-09-30T17:05:50.573+0500: 126.094: Total time for which application threads were stopped: 0.0001911 seconds, Stopping threads took: 0.0000559 seconds
2019-09-30T17:05:50.573+0500: 126.095: Total time for which application threads were stopped: 0.0001361 seconds, Stopping threads took: 0.0000307 seconds
2019-09-30T17:05:50.574+0500: 126.095: Total time for which application threads were stopped: 0.0002180 seconds, Stopping threads took: 0.0000499 seconds
2019-09-30T17:05:50.574+0500: 126.095: Total time for which application threads were stopped: 0.0001711 seconds, Stopping threads took: 0.0000388 seconds
2019-09-30T17:05:50.576+0500: 126.097: Total time for which application threads were stopped: 0.0002679 seconds, Stopping threads took: 0.0001028 seconds
2019-09-30T17:05:50.576+0500: 126.097: Total time for which application threads were stopped: 0.0002074 seconds, Stopping threads took: 0.0000614 seconds
2019-09-30T17:05:50.577+0500: 126.097: Total time for which application threads were stopped: 0.0001839 seconds, Stopping threads took: 0.0000422 seconds
2019-09-30T17:05:50.577+0500: 126.098: Total time for which application threads were stopped: 0.0001668 seconds, Stopping threads took: 0.0000478 seconds
2019-09-30T17:05:50.577+0500: 126.098: Total time for which application threads were stopped: 0.0001809 seconds, Stopping threads took: 0.0000563 seconds
2019-09-30T17:05:50.578+0500: 126.098: Total time for which application threads were stopped: 0.0002372 seconds, Stopping threads took: 0.0000653 seconds
2019-09-30T17:05:50.578+0500: 126.099: Total time for which application threads were stopped: 0.0002014 seconds, Stopping threads took: 0.0000631 seconds
2019-09-30T17:05:50.578+0500: 126.099: Total time for which application threads were stopped: 0.0001434 seconds, Stopping threads took: 0.0000299 seconds
2019-09-30T17:05:51.581+0500: 127.102: Total time for which application threads were stopped: 0.0002803 seconds, Stopping threads took: 0.0000538 seconds
2019-09-30T17:05:52.581+0500: 128.102: Total time for which application threads were stopped: 0.0002082 seconds, Stopping threads took: 0.0000457 seconds
2019-09-30T17:05:55.582+0500: 131.103: Total time for which application threads were stopped: 0.0002202 seconds, Stopping threads took: 0.0000474 seconds
2019-09-30T17:05:56.583+0500: 132.104: Total time for which application threads were stopped: 0.0002082 seconds, Stopping threads took: 0.0000585 seconds
2019-09-30T17:05:59.585+0500: 135.105: Total time for which application threads were stopped: 0.0002210 seconds, Stopping threads took: 0.0000482 seconds
2019-09-30T17:06:00.585+0500: 136.106: Total time for which application threads were stopped: 0.0002441 seconds, Stopping threads took: 0.0000546 seconds
2019-09-30T17:06:08.356+0500: 143.878: Total time for which application threads were stopped: 0.0003145 seconds, Stopping threads took: 0.0000631 seconds
2019-09-30T17:06:08.423+0500: 143.944: Total time for which application threads were stopped: 0.0025997 seconds, Stopping threads took: 0.0023309 seconds
2019-09-30T17:06:08.478+0500: 143.999: Total time for which application threads were stopped: 0.0002338 seconds, Stopping threads took: 0.0000533 seconds
2019-09-30T17:06:08.478+0500: 144.000: Total time for which application threads were stopped: 0.0002406 seconds, Stopping threads took: 0.0000486 seconds
2019-09-30T17:06:08.523+0500: 144.045: Total time for which application threads were stopped: 0.0009143 seconds, Stopping threads took: 0.0000704 seconds
{Heap before GC invocations=9 (full 0):
 garbage-first heap   total 524288K, used 329728K [0x00000000e0000000, 0x00000000e0101000, 0x0000000100000000)
  region size 1024K, 307 young (314368K), 25 survivors (25600K)
 Metaspace       used 48893K, capacity 50798K, committed 51072K, reserved 1093632K
  class space    used 6050K, capacity 6444K, committed 6528K, reserved 1048576K
2019-09-30T17:06:08.537+0500: 144.059: [GC pause (G1 Evacuation Pause) (young)
Desired survivor size 20447232 bytes, new threshold 15 (max 15)
- age   1:    5882808 bytes,    5882808 total
- age   2:    1552536 bytes,    7435344 total
- age   3:    6499016 bytes,   13934360 total
- age   4:    1272872 bytes,   15207232 total
- age   5:     817504 bytes,   16024736 total
, 0.0415829 secs]
   [Parallel Time: 38.5 ms, GC Workers: 4]
      [GC Worker Start (ms): Min: 144058.8, Avg: 144058.9, Max: 144058.9, Diff: 0.0]
      [Ext Root Scanning (ms): Min: 2.7, Avg: 3.5, Max: 4.4, Diff: 1.7, Sum: 14.0]
      [Update RS (ms): Min: 0.7, Avg: 0.9, Max: 0.9, Diff: 0.2, Sum: 3.4]
         [Processed Buffers: Min: 1, Avg: 6.8, Max: 22, Diff: 21, Sum: 27]
      [Scan RS (ms): Min: 0.0, Avg: 0.1, Max: 0.1, Diff: 0.0, Sum: 0.2]
      [Code Root Scanning (ms): Min: 0.3, Avg: 1.5, Max: 2.8, Diff: 2.5, Sum: 6.2]
      [Object Copy (ms): Min: 30.5, Avg: 32.3, Max: 34.2, Diff: 3.7, Sum: 129.0]
      [Termination (ms): Min: 0.0, Avg: 0.0, Max: 0.1, Diff: 0.1, Sum: 0.2]
         [Termination Attempts: Min: 1, Avg: 1.5, Max: 3, Diff: 2, Sum: 6]
      [GC Worker Other (ms): Min: 0.0, Avg: 0.1, Max: 0.1, Diff: 0.1, Sum: 0.2]
      [GC Worker Total (ms): Min: 38.3, Avg: 38.3, Max: 38.3, Diff: 0.1, Sum: 153.2]
      [GC Worker End (ms): Min: 144097.1, Avg: 144097.2, Max: 144097.2, Diff: 0.1]
   [Code Root Fixup: 0.2 ms]
   [Code Root Purge: 0.0 ms]
   [Clear CT: 0.1 ms]
   [Other: 2.8 ms]
      [Choose CSet: 0.0 ms]
      [Ref Proc: 2.0 ms]
      [Ref Enq: 0.1 ms]
      [Redirty Cards: 0.1 ms]
      [Humongous Register: 0.0 ms]
      [Humongous Reclaim: 0.0 ms]
      [Free CSet: 0.4 ms]
   [Eden: 282.0M(282.0M)->0.0B(282.0M) Survivors: 25.0M->25.0M Heap: 322.0M(512.0M)->40.0M(512.0M)]
Heap after GC invocations=10 (full 0):
 garbage-first heap   total 524288K, used 40960K [0x00000000e0000000, 0x00000000e0101000, 0x0000000100000000)
  region size 1024K, 25 young (25600K), 25 survivors (25600K)
 Metaspace       used 48893K, capacity 50798K, committed 51072K, reserved 1093632K
  class space    used 6050K, capacity 6444K, committed 6528K, reserved 1048576K
}
 [Times: user=0.13 sys=0.00, real=0.04 secs] 
2019-09-30T17:06:08.579+0500: 144.101: Total time for which application threads were stopped: 0.0422702 seconds, Stopping threads took: 0.0000913 seconds
2019-09-30T17:06:08.581+0500: 144.102: Total time for which application threads were stopped: 0.0002816 seconds, Stopping threads took: 0.0000708 seconds
2019-09-30T17:06:08.590+0500: 144.111: Total time for which application threads were stopped: 0.0002560 seconds, Stopping threads took: 0.0000879 seconds
2019-09-30T17:06:08.618+0500: 144.138: Total time for which application threads were stopped: 0.0003046 seconds, Stopping threads took: 0.0000853 seconds
2019-09-30T17:06:08.618+0500: 144.139: Total time for which application threads were stopped: 0.0002197 seconds, Stopping threads took: 0.0000550 seconds
2019-09-30T17:06:08.618+0500: 144.139: Total time for which application threads were stopped: 0.0001822 seconds, Stopping threads took: 0.0000465 seconds
2019-09-30T17:06:08.619+0500: 144.140: Total time for which application threads were stopped: 0.0002697 seconds, Stopping threads took: 0.0000759 seconds
2019-09-30T17:06:08.619+0500: 144.141: Total time for which application threads were stopped: 0.0002662 seconds, Stopping threads took: 0.0000644 seconds
2019-09-30T17:06:08.620+0500: 144.141: Total time for which application threads were stopped: 0.0004254 seconds, Stopping threads took: 0.0000580 seconds
2019-09-30T17:06:08.664+0500: 144.186: Total time for which application threads were stopped: 0.0009796 seconds, Stopping threads took: 0.0007561 seconds
2019-09-30T17:06:08.758+0500: 144.279: Total time for which application threads were stopped: 0.0008683 seconds, Stopping threads took: 0.0000563 seconds
2019-09-30T17:06:08.784+0500: 144.305: Total time for which application threads were stopped: 0.0002598 seconds, Stopping threads took: 0.0000815 seconds
2019-09-30T17:06:08.785+0500: 144.306: Total time for which application threads were stopped: 0.0002470 seconds, Stopping threads took: 0.0000751 seconds
2019-09-30T17:06:08.791+0500: 144.312: Total time for which application threads were stopped: 0.0003657 seconds, Stopping threads took: 0.0001156 seconds
2019-09-30T17:06:08.792+0500: 144.313: Total time for which application threads were stopped: 0.0002761 seconds, Stopping threads took: 0.0000866 seconds
2019-09-30T17:06:09.793+0500: 145.314: Total time for which application threads were stopped: 0.0002231 seconds, Stopping threads took: 0.0000542 seconds
2019-09-30T17:06:13.795+0500: 149.316: Total time for which application threads were stopped: 0.0002197 seconds, Stopping threads took: 0.0000474 seconds
2019-09-30T17:06:18.798+0500: 154.319: Total time for which application threads were stopped: 0.0002202 seconds, Stopping threads took: 0.0000747 seconds
2019-09-30T17:06:24.843+0500: 160.364: Total time for which application threads were stopped: 0.0003145 seconds, Stopping threads took: 0.0000785 seconds
2019-09-30T17:06:28.862+0500: 164.383: Total time for which application threads were stopped: 0.0002667 seconds, Stopping threads took: 0.0000913 seconds
2019-09-30T17:06:51.920+0500: 187.441: Total time for which application threads were stopped: 0.0003657 seconds, Stopping threads took: 0.0000794 seconds
2019-09-30T17:07:04.925+0500: 200.446: Total time for which application threads were stopped: 0.0003490 seconds, Stopping threads took: 0.0000887 seconds
2019-09-30T17:07:39.939+0500: 235.460: Total time for which application threads were stopped: 0.0003524 seconds, Stopping threads took: 0.0000862 seconds
2019-09-30T17:07:46.941+0500: 242.463: Total time for which application threads were stopped: 0.0003831 seconds, Stopping threads took: 0.0001190 seconds
2019-09-30T17:07:51.967+0500: 247.489: Total time for which application threads were stopped: 0.0006400 seconds, Stopping threads took: 0.0001122 seconds
2019-09-30T17:07:54.969+0500: 250.490: Total time for which application threads were stopped: 0.0003469 seconds, Stopping threads took: 0.0000913 seconds
2019-09-30T17:08:09.008+0500: 264.529: Total time for which application threads were stopped: 0.0005402 seconds, Stopping threads took: 0.0001182 seconds
2019-09-30T17:08:47.022+0500: 302.543: Total time for which application threads were stopped: 0.0001796 seconds, Stopping threads took: 0.0000516 seconds
2019-09-30T17:08:48.913+0500: 304.434: Total time for which application threads were stopped: 0.0002389 seconds, Stopping threads took: 0.0000666 seconds
2019-09-30T17:08:48.914+0500: 304.435: Total time for which application threads were stopped: 0.0002172 seconds, Stopping threads took: 0.0000542 seconds
2019-09-30T17:08:51.915+0500: 307.436: Total time for which application threads were stopped: 0.0002645 seconds, Stopping threads took: 0.0000542 seconds
2019-09-30T17:09:14.926+0500: 330.447: Total time for which application threads were stopped: 0.0002901 seconds, Stopping threads took: 0.0000772 seconds
2019-09-30T17:09:27.929+0500: 343.450: Total time for which application threads were stopped: 0.0002842 seconds, Stopping threads took: 0.0000777 seconds
2019-09-30T17:09:31.931+0500: 347.452: Total time for which application threads were stopped: 0.0002257 seconds, Stopping threads took: 0.0000474 seconds
2019-09-30T17:09:37.934+0500: 353.455: Total time for which application threads were stopped: 0.0002039 seconds, Stopping threads took: 0.0000550 seconds
2019-09-30T17:09:38.934+0500: 354.455: Total time for which application threads were stopped: 0.0001941 seconds, Stopping threads took: 0.0000478 seconds
2019-09-30T17:09:51.940+0500: 367.461: Total time for which application threads were stopped: 0.0002731 seconds, Stopping threads took: 0.0000666 seconds
2019-09-30T17:10:51.968+0500: 427.490: Total time for which application threads were stopped: 0.0003541 seconds, Stopping threads took: 0.0000960 seconds
2019-09-30T17:10:58.971+0500: 434.492: Total time for which application threads were stopped: 0.0003157 seconds, Stopping threads took: 0.0000789 seconds
2019-09-30T17:11:33.987+0500: 469.508: Total time for which application threads were stopped: 0.0004058 seconds, Stopping threads took: 0.0000785 seconds
2019-09-30T17:11:34.987+0500: 470.508: Total time for which application threads were stopped: 0.0003392 seconds, Stopping threads took: 0.0000806 seconds
2019-09-30T17:11:37.788+0500: 473.310: Total time for which application threads were stopped: 0.0002436 seconds, Stopping threads took: 0.0000789 seconds
2019-09-30T17:11:37.789+0500: 473.310: Total time for which application threads were stopped: 0.0002108 seconds, Stopping threads took: 0.0000529 seconds
2019-09-30T17:11:37.789+0500: 473.311: Total time for which application threads were stopped: 0.0001924 seconds, Stopping threads took: 0.0000375 seconds
2019-09-30T17:11:37.789+0500: 473.311: Total time for which application threads were stopped: 0.0002018 seconds, Stopping threads took: 0.0000465 seconds
2019-09-30T17:11:37.790+0500: 473.311: Total time for which application threads were stopped: 0.0001933 seconds, Stopping threads took: 0.0000585 seconds
2019-09-30T17:11:37.793+0500: 473.314: Total time for which application threads were stopped: 0.0002837 seconds, Stopping threads took: 0.0000998 seconds
2019-09-30T17:11:37.793+0500: 473.315: Total time for which application threads were stopped: 0.0002620 seconds, Stopping threads took: 0.0000832 seconds
2019-09-30T17:11:37.794+0500: 473.315: Total time for which application threads were stopped: 0.0002368 seconds, Stopping threads took: 0.0000717 seconds
2019-09-30T17:11:37.795+0500: 473.316: Total time for which application threads were stopped: 0.0006899 seconds, Stopping threads took: 0.0000572 seconds
2019-09-30T17:11:37.829+0500: 473.350: Total time for which application threads were stopped: 0.0003405 seconds, Stopping threads took: 0.0000930 seconds
2019-09-30T17:11:37.829+0500: 473.350: Total time for which application threads were stopped: 0.0003230 seconds, Stopping threads took: 0.0000841 seconds
2019-09-30T17:11:37.829+0500: 473.351: Total time for which application threads were stopped: 0.0003051 seconds, Stopping threads took: 0.0000683 seconds
2019-09-30T17:11:37.830+0500: 473.351: Total time for which application threads were stopped: 0.0003934 seconds, Stopping threads took: 0.0001058 seconds
2019-09-30T17:11:37.830+0500: 473.352: Total time for which application threads were stopped: 0.0003042 seconds, Stopping threads took: 0.0000614 seconds
2019-09-30T17:11:37.831+0500: 473.352: Total time for which application threads were stopped: 0.0002385 seconds, Stopping threads took: 0.0000503 seconds
2019-09-30T17:11:37.831+0500: 473.353: Total time for which application threads were stopped: 0.0002620 seconds, Stopping threads took: 0.0000550 seconds
2019-09-30T17:11:38.832+0500: 474.353: Total time for which application threads were stopped: 0.0002628 seconds, Stopping threads took: 0.0000555 seconds
2019-09-30T17:11:44.834+0500: 480.355: Total time for which application threads were stopped: 0.0002714 seconds, Stopping threads took: 0.0000683 seconds
2019-09-30T17:11:45.835+0500: 481.356: Total time for which application threads were stopped: 0.0002061 seconds, Stopping threads took: 0.0000469 seconds
2019-09-30T17:11:51.838+0500: 487.359: Total time for which application threads were stopped: 0.0002249 seconds, Stopping threads took: 0.0000512 seconds
2019-09-30T17:12:52.865+0500: 548.386: Total time for which application threads were stopped: 0.0002697 seconds, Stopping threads took: 0.0000700 seconds
2019-09-30T17:12:57.867+0500: 553.388: Total time for which application threads were stopped: 0.0002185 seconds, Stopping threads took: 0.0000495 seconds
2019-09-30T17:12:58.867+0500: 554.388: Total time for which application threads were stopped: 0.0002219 seconds, Stopping threads took: 0.0000538 seconds
2019-09-30T17:13:14.876+0500: 570.397: Total time for which application threads were stopped: 0.0002325 seconds, Stopping threads took: 0.0000559 seconds
2019-09-30T17:13:23.882+0500: 579.403: Total time for which application threads were stopped: 0.0002185 seconds, Stopping threads took: 0.0000606 seconds
2019-09-30T17:13:25.883+0500: 581.404: Total time for which application threads were stopped: 0.0002347 seconds, Stopping threads took: 0.0000542 seconds
2019-09-30T17:13:33.887+0500: 589.408: Total time for which application threads were stopped: 0.0002475 seconds, Stopping threads took: 0.0000666 seconds
2019-09-30T17:13:34.887+0500: 590.408: Total time for which application threads were stopped: 0.0002385 seconds, Stopping threads took: 0.0000602 seconds
2019-09-30T17:13:48.918+0500: 604.439: Total time for which application threads were stopped: 0.0003797 seconds, Stopping threads took: 0.0001058 seconds
2019-09-30T17:13:48.918+0500: 604.439: Total time for which application threads were stopped: 0.0004612 seconds, Stopping threads took: 0.0000806 seconds
2019-09-30T17:13:51.919+0500: 607.440: Total time for which application threads were stopped: 0.0003089 seconds, Stopping threads took: 0.0000913 seconds
2019-09-30T17:14:35.935+0500: 651.456: Total time for which application threads were stopped: 0.0003042 seconds, Stopping threads took: 0.0000823 seconds
2019-09-30T17:15:09.950+0500: 685.471: Total time for which application threads were stopped: 0.0003354 seconds, Stopping threads took: 0.0000815 seconds
2019-09-30T17:15:10.951+0500: 686.472: Total time for which application threads were stopped: 0.0003213 seconds, Stopping threads took: 0.0000811 seconds
2019-09-30T17:15:52.969+0500: 728.490: Total time for which application threads were stopped: 0.0003341 seconds, Stopping threads took: 0.0000764 seconds
2019-09-30T17:16:52.994+0500: 788.515: Total time for which application threads were stopped: 0.0003546 seconds, Stopping threads took: 0.0000794 seconds
2019-09-30T17:17:53.014+0500: 848.535: Total time for which application threads were stopped: 0.0002893 seconds, Stopping threads took: 0.0000721 seconds
2019-09-30T17:18:48.921+0500: 904.442: Total time for which application threads were stopped: 0.0003115 seconds, Stopping threads took: 0.0001186 seconds
2019-09-30T17:18:48.921+0500: 904.442: Total time for which application threads were stopped: 0.0002133 seconds, Stopping threads took: 0.0000469 seconds
2019-09-30T17:19:17.930+0500: 933.451: Total time for which application threads were stopped: 0.0002180 seconds, Stopping threads took: 0.0000482 seconds
2019-09-30T17:19:52.942+0500: 968.463: Total time for which application threads were stopped: 0.0001754 seconds, Stopping threads took: 0.0000478 seconds
2019-09-30T17:20:52.961+0500: 1028.482: Total time for which application threads were stopped: 0.0002108 seconds, Stopping threads took: 0.0000610 seconds
2019-09-30T17:21:19.970+0500: 1055.491: Total time for which application threads were stopped: 0.0001732 seconds, Stopping threads took: 0.0000478 seconds
2019-09-30T17:21:20.970+0500: 1056.491: Total time for which application threads were stopped: 0.0001643 seconds, Stopping threads took: 0.0000346 seconds
2019-09-30T17:21:31.974+0500: 1067.495: Total time for which application threads were stopped: 0.0001702 seconds, Stopping threads took: 0.0000482 seconds
2019-09-30T17:21:52.980+0500: 1088.502: Total time for which application threads were stopped: 0.0003366 seconds, Stopping threads took: 0.0000900 seconds
2019-09-30T17:22:05.985+0500: 1101.506: Total time for which application threads were stopped: 0.0001920 seconds, Stopping threads took: 0.0000585 seconds
2019-09-30T17:22:07.985+0500: 1103.506: Total time for which application threads were stopped: 0.0002150 seconds, Stopping threads took: 0.0000691 seconds
2019-09-30T17:22:25.991+0500: 1121.512: Total time for which application threads were stopped: 0.0001643 seconds, Stopping threads took: 0.0000341 seconds
2019-09-30T17:23:48.923+0500: 1204.445: Total time for which application threads were stopped: 0.0003614 seconds, Stopping threads took: 0.0001660 seconds
2019-09-30T17:23:48.923+0500: 1204.445: Total time for which application threads were stopped: 0.0002389 seconds, Stopping threads took: 0.0000725 seconds
2019-09-30T17:23:52.618+0500: 1208.140: Total time for which application threads were stopped: 0.0007014 seconds, Stopping threads took: 0.0000448 seconds
2019-09-30T17:23:53.619+0500: 1209.140: Total time for which application threads were stopped: 0.0001417 seconds, Stopping threads took: 0.0000324 seconds
2019-09-30T17:23:59.621+0500: 1215.142: Total time for which application threads were stopped: 0.0001549 seconds, Stopping threads took: 0.0000465 seconds
2019-09-30T17:24:44.635+0500: 1260.156: Total time for which application threads were stopped: 0.0002206 seconds, Stopping threads took: 0.0000461 seconds
2019-09-30T17:24:53.638+0500: 1269.159: Total time for which application threads were stopped: 0.0002492 seconds, Stopping threads took: 0.0000657 seconds
2019-09-30T17:25:26.649+0500: 1302.170: Total time for which application threads were stopped: 0.0003004 seconds, Stopping threads took: 0.0000806 seconds
2019-09-30T17:25:53.658+0500: 1329.179: Total time for which application threads were stopped: 0.0002624 seconds, Stopping threads took: 0.0000657 seconds
2019-09-30T17:26:05.661+0500: 1341.182: Total time for which application threads were stopped: 0.0002219 seconds, Stopping threads took: 0.0000533 seconds
2019-09-30T17:26:15.665+0500: 1351.186: Total time for which application threads were stopped: 0.0002240 seconds, Stopping threads took: 0.0000567 seconds
2019-09-30T17:27:53.696+0500: 1449.217: Total time for which application threads were stopped: 0.0003264 seconds, Stopping threads took: 0.0000636 seconds
2019-09-30T17:28:48.929+0500: 1504.449: Total time for which application threads were stopped: 0.0003383 seconds, Stopping threads took: 0.0001493 seconds
2019-09-30T17:28:48.929+0500: 1504.450: Total time for which application threads were stopped: 0.0002202 seconds, Stopping threads took: 0.0000512 seconds
2019-09-30T17:28:53.930+0500: 1509.451: Total time for which application threads were stopped: 0.0002214 seconds, Stopping threads took: 0.0000567 seconds
2019-09-30T17:30:33.963+0500: 1609.484: Total time for which application threads were stopped: 0.0002594 seconds, Stopping threads took: 0.0000644 seconds
2019-09-30T17:30:53.969+0500: 1629.490: Total time for which application threads were stopped: 0.0003093 seconds, Stopping threads took: 0.0000585 seconds
2019-09-30T17:31:19.977+0500: 1655.498: Total time for which application threads were stopped: 0.0001877 seconds, Stopping threads took: 0.0000474 seconds
2019-09-30T17:31:53.988+0500: 1689.509: Total time for which application threads were stopped: 0.0002321 seconds, Stopping threads took: 0.0000559 seconds
2019-09-30T17:32:14.995+0500: 1710.516: Total time for which application threads were stopped: 0.0003315 seconds, Stopping threads took: 0.0000516 seconds
2019-09-30T17:32:45.005+0500: 1740.526: Total time for which application threads were stopped: 0.0002573 seconds, Stopping threads took: 0.0000593 seconds
2019-09-30T17:33:26.018+0500: 1781.539: Total time for which application threads were stopped: 0.0003354 seconds, Stopping threads took: 0.0000691 seconds
2019-09-30T17:33:43.024+0500: 1798.545: Total time for which application threads were stopped: 0.0002240 seconds, Stopping threads took: 0.0000546 seconds
2019-09-30T17:33:46.025+0500: 1801.546: Total time for which application threads were stopped: 0.0002377 seconds, Stopping threads took: 0.0000610 seconds
2019-09-30T17:33:48.932+0500: 1804.453: Total time for which application threads were stopped: 0.0002381 seconds, Stopping threads took: 0.0000593 seconds
2019-09-30T17:33:48.932+0500: 1804.454: Total time for which application threads were stopped: 0.0002057 seconds, Stopping threads took: 0.0000422 seconds
2019-09-30T17:34:53.953+0500: 1869.474: Total time for which application threads were stopped: 0.0002509 seconds, Stopping threads took: 0.0000516 seconds
2019-09-30T17:35:53.972+0500: 1929.493: Total time for which application threads were stopped: 0.0002372 seconds, Stopping threads took: 0.0000550 seconds
2019-09-30T17:36:53.992+0500: 1989.513: Total time for which application threads were stopped: 0.0002577 seconds, Stopping threads took: 0.0000461 seconds
2019-09-30T17:37:52.011+0500: 2047.532: Total time for which application threads were stopped: 0.0002458 seconds, Stopping threads took: 0.0000755 seconds
2019-09-30T17:37:54.011+0500: 2049.532: Total time for which application threads were stopped: 0.0002308 seconds, Stopping threads took: 0.0000512 seconds
2019-09-30T17:38:15.018+0500: 2070.539: Total time for which application threads were stopped: 0.0002586 seconds, Stopping threads took: 0.0000457 seconds
2019-09-30T17:38:48.936+0500: 2104.458: Total time for which application threads were stopped: 0.0002423 seconds, Stopping threads took: 0.0000678 seconds
2019-09-30T17:38:48.937+0500: 2104.458: Total time for which application threads were stopped: 0.0002334 seconds, Stopping threads took: 0.0000559 seconds
2019-09-30T17:38:53.939+0500: 2109.460: Total time for which application threads were stopped: 0.0002206 seconds, Stopping threads took: 0.0000550 seconds
2019-09-30T17:39:53.958+0500: 2169.479: Total time for which application threads were stopped: 0.0002876 seconds, Stopping threads took: 0.0000721 seconds
2019-09-30T17:39:54.959+0500: 2170.480: Total time for which application threads were stopped: 0.0002197 seconds, Stopping threads took: 0.0000491 seconds
2019-09-30T17:40:54.978+0500: 2230.499: Total time for which application threads were stopped: 0.0002398 seconds, Stopping threads took: 0.0000593 seconds
2019-09-30T17:41:54.997+0500: 2290.519: Total time for which application threads were stopped: 0.0002859 seconds, Stopping threads took: 0.0000713 seconds
2019-09-30T17:42:55.017+0500: 2350.538: Total time for which application threads were stopped: 0.0002526 seconds, Stopping threads took: 0.0000589 seconds
2019-09-30T17:43:48.943+0500: 2404.464: Total time for which application threads were stopped: 0.0002773 seconds, Stopping threads took: 0.0000819 seconds
2019-09-30T17:43:48.943+0500: 2404.464: Total time for which application threads were stopped: 0.0002325 seconds, Stopping threads took: 0.0000576 seconds
2019-09-30T17:43:54.945+0500: 2410.466: Total time for which application threads were stopped: 0.0002330 seconds, Stopping threads took: 0.0000525 seconds
2019-09-30T17:44:54.964+0500: 2470.485: Total time for which application threads were stopped: 0.0002650 seconds, Stopping threads took: 0.0000627 seconds
2019-09-30T17:45:23.973+0500: 2499.494: Total time for which application threads were stopped: 0.0002530 seconds, Stopping threads took: 0.0000546 seconds
2019-09-30T17:46:55.003+0500: 2590.524: Total time for which application threads were stopped: 0.0002974 seconds, Stopping threads took: 0.0000789 seconds
2019-09-30T17:47:00.004+0500: 2595.525: Total time for which application threads were stopped: 0.0002466 seconds, Stopping threads took: 0.0000593 seconds
2019-09-30T17:47:11.008+0500: 2606.529: Total time for which application threads were stopped: 0.0002752 seconds, Stopping threads took: 0.0000452 seconds
2019-09-30T17:47:51.021+0500: 2646.542: Total time for which application threads were stopped: 0.0002918 seconds, Stopping threads took: 0.0000811 seconds
2019-09-30T17:47:55.022+0500: 2650.543: Total time for which application threads were stopped: 0.0002133 seconds, Stopping threads took: 0.0000482 seconds
2019-09-30T17:47:57.023+0500: 2652.544: Total time for which application threads were stopped: 0.0002274 seconds, Stopping threads took: 0.0000525 seconds
2019-09-30T17:48:20.030+0500: 2675.551: Total time for which application threads were stopped: 0.0002500 seconds, Stopping threads took: 0.0000606 seconds
2019-09-30T17:48:22.031+0500: 2677.552: Total time for which application threads were stopped: 0.0002432 seconds, Stopping threads took: 0.0000572 seconds
2019-09-30T17:48:25.032+0500: 2680.553: Total time for which application threads were stopped: 0.0002001 seconds, Stopping threads took: 0.0000448 seconds
2019-09-30T17:48:39.036+0500: 2694.557: Total time for which application threads were stopped: 0.0002436 seconds, Stopping threads took: 0.0000563 seconds
2019-09-30T17:48:42.037+0500: 2697.558: Total time for which application threads were stopped: 0.0002231 seconds, Stopping threads took: 0.0000614 seconds
2019-09-30T17:48:48.950+0500: 2704.471: Total time for which application threads were stopped: 0.0002377 seconds, Stopping threads took: 0.0000683 seconds
2019-09-30T17:48:48.951+0500: 2704.472: Total time for which application threads were stopped: 0.0011665 seconds, Stopping threads took: 0.0000529 seconds
2019-09-30T17:48:49.951+0500: 2705.472: Total time for which application threads were stopped: 0.0002487 seconds, Stopping threads took: 0.0000533 seconds
2019-09-30T17:49:54.972+0500: 2770.493: Total time for which application threads were stopped: 0.0002095 seconds, Stopping threads took: 0.0000525 seconds
2019-09-30T17:50:27.983+0500: 2803.504: Total time for which application threads were stopped: 0.0002560 seconds, Stopping threads took: 0.0000555 seconds
2019-09-30T17:50:38.986+0500: 2814.508: Total time for which application threads were stopped: 0.0002368 seconds, Stopping threads took: 0.0000529 seconds
2019-09-30T17:50:54.992+0500: 2830.513: Total time for which application threads were stopped: 0.0002240 seconds, Stopping threads took: 0.0000508 seconds
2019-09-30T17:51:54.011+0500: 2889.532: Total time for which application threads were stopped: 0.0002202 seconds, Stopping threads took: 0.0000486 seconds
2019-09-30T17:52:22.020+0500: 2917.541: Total time for which application threads were stopped: 0.0002564 seconds, Stopping threads took: 0.0000657 seconds
2019-09-30T17:52:27.021+0500: 2922.542: Total time for which application threads were stopped: 0.0002317 seconds, Stopping threads took: 0.0000533 seconds
2019-09-30T17:52:55.031+0500: 2950.552: Total time for which application threads were stopped: 0.0002458 seconds, Stopping threads took: 0.0000529 seconds
2019-09-30T17:53:48.048+0500: 3003.569: Total time for which application threads were stopped: 0.0003247 seconds, Stopping threads took: 0.0000785 seconds
2019-09-30T17:53:48.957+0500: 3004.479: Total time for which application threads were stopped: 0.0002483 seconds, Stopping threads took: 0.0000721 seconds
2019-09-30T17:53:48.958+0500: 3004.479: Total time for which application threads were stopped: 0.0003029 seconds, Stopping threads took: 0.0000640 seconds
2019-09-30T17:53:54.960+0500: 3010.481: Total time for which application threads were stopped: 0.0002018 seconds, Stopping threads took: 0.0000499 seconds
2019-09-30T17:53:55.960+0500: 3011.482: Total time for which application threads were stopped: 0.0002453 seconds, Stopping threads took: 0.0000589 seconds
2019-09-30T17:54:53.979+0500: 3069.500: Total time for which application threads were stopped: 0.0002586 seconds, Stopping threads took: 0.0000644 seconds
2019-09-30T17:54:55.980+0500: 3071.501: Total time for which application threads were stopped: 0.0002022 seconds, Stopping threads took: 0.0000491 seconds
2019-09-30T17:55:55.999+0500: 3131.520: Total time for which application threads were stopped: 0.0002786 seconds, Stopping threads took: 0.0000687 seconds
2019-09-30T17:57:56.048+0500: 3251.569: Total time for which application threads were stopped: 0.0002918 seconds, Stopping threads took: 0.0000777 seconds
2019-09-30T17:57:59.049+0500: 3254.570: Total time for which application threads were stopped: 0.0002227 seconds, Stopping threads took: 0.0000585 seconds
2019-09-30T17:58:48.963+0500: 3304.484: Total time for which application threads were stopped: 0.0003908 seconds, Stopping threads took: 0.0001003 seconds
2019-09-30T17:58:48.963+0500: 3304.484: Total time for which application threads were stopped: 0.0002240 seconds, Stopping threads took: 0.0000491 seconds
2019-09-30T17:58:55.965+0500: 3311.486: Total time for which application threads were stopped: 0.0002569 seconds, Stopping threads took: 0.0000576 seconds
2019-09-30T17:59:55.984+0500: 3371.505: Total time for which application threads were stopped: 0.0002837 seconds, Stopping threads took: 0.0000555 seconds
2019-09-30T18:00:11.989+0500: 3387.511: Total time for which application threads were stopped: 0.0003051 seconds, Stopping threads took: 0.0000858 seconds
2019-09-30T18:00:56.004+0500: 3431.525: Total time for which application threads were stopped: 0.0002355 seconds, Stopping threads took: 0.0000529 seconds
2019-09-30T18:01:56.025+0500: 3491.546: Total time for which application threads were stopped: 0.0002816 seconds, Stopping threads took: 0.0000670 seconds
2019-09-30T18:02:28.035+0500: 3523.556: Total time for which application threads were stopped: 0.0002219 seconds, Stopping threads took: 0.0000482 seconds
2019-09-30T18:03:43.060+0500: 3598.581: Total time for which application threads were stopped: 0.0002889 seconds, Stopping threads took: 0.0000687 seconds
2019-09-30T18:03:44.060+0500: 3599.581: Total time for which application threads were stopped: 0.0002423 seconds, Stopping threads took: 0.0000550 seconds
2019-09-30T18:03:48.966+0500: 3604.487: Total time for which application threads were stopped: 0.0002786 seconds, Stopping threads took: 0.0000644 seconds
2019-09-30T18:03:48.967+0500: 3604.488: Total time for which application threads were stopped: 0.0002381 seconds, Stopping threads took: 0.0000525 seconds
2019-09-30T18:03:51.968+0500: 3607.489: Total time for which application threads were stopped: 0.0002321 seconds, Stopping threads took: 0.0000525 seconds
2019-09-30T18:03:53.969+0500: 3609.490: Total time for which application threads were stopped: 0.0002458 seconds, Stopping threads took: 0.0000525 seconds
2019-09-30T18:03:54.969+0500: 3610.490: Total time for which application threads were stopped: 0.0002261 seconds, Stopping threads took: 0.0000499 seconds
2019-09-30T18:03:55.969+0500: 3611.490: Total time for which application threads were stopped: 0.0002628 seconds, Stopping threads took: 0.0000563 seconds
2019-09-30T18:03:57.970+0500: 3613.491: Total time for which application threads were stopped: 0.0003132 seconds, Stopping threads took: 0.0000567 seconds
2019-09-30T18:04:55.989+0500: 3671.510: Total time for which application threads were stopped: 0.0002462 seconds, Stopping threads took: 0.0000555 seconds
2019-09-30T18:05:15.995+0500: 3691.516: Total time for which application threads were stopped: 0.0002573 seconds, Stopping threads took: 0.0000614 seconds
2019-09-30T18:05:18.996+0500: 3694.517: Total time for which application threads were stopped: 0.0002833 seconds, Stopping threads took: 0.0000542 seconds
2019-09-30T18:05:56.008+0500: 3731.529: Total time for which application threads were stopped: 0.0002180 seconds, Stopping threads took: 0.0000555 seconds
2019-09-30T18:07:57.047+0500: 3852.568: Total time for which application threads were stopped: 0.0002300 seconds, Stopping threads took: 0.0000576 seconds
2019-09-30T18:08:48.970+0500: 3904.492: Total time for which application threads were stopped: 0.0002615 seconds, Stopping threads took: 0.0000700 seconds
2019-09-30T18:08:48.971+0500: 3904.492: Total time for which application threads were stopped: 0.0002825 seconds, Stopping threads took: 0.0000764 seconds
2019-09-30T18:08:56.974+0500: 3912.495: Total time for which application threads were stopped: 0.0002406 seconds, Stopping threads took: 0.0000525 seconds
2019-09-30T18:10:57.015+0500: 4032.536: Total time for which application threads were stopped: 0.0003123 seconds, Stopping threads took: 0.0000725 seconds
2019-09-30T18:11:57.034+0500: 4092.555: Total time for which application threads were stopped: 0.0002308 seconds, Stopping threads took: 0.0000691 seconds
2019-09-30T18:12:57.053+0500: 4152.575: Total time for which application threads were stopped: 0.0003055 seconds, Stopping threads took: 0.0000713 seconds
2019-09-30T18:13:04.056+0500: 4159.577: Total time for which application threads were stopped: 0.0002236 seconds, Stopping threads took: 0.0000640 seconds
2019-09-30T18:13:48.975+0500: 4204.495: Total time for which application threads were stopped: 0.0002637 seconds, Stopping threads took: 0.0000734 seconds
2019-09-30T18:13:48.975+0500: 4204.496: Total time for which application threads were stopped: 0.0002496 seconds, Stopping threads took: 0.0000585 seconds
2019-09-30T18:13:56.977+0500: 4212.498: Total time for which application threads were stopped: 0.0002773 seconds, Stopping threads took: 0.0000606 seconds
2019-09-30T18:15:36.009+0500: 4311.530: Total time for which application threads were stopped: 0.0003302 seconds, Stopping threads took: 0.0000721 seconds
2019-09-30T18:15:57.016+0500: 4332.537: Total time for which application threads were stopped: 0.0002249 seconds, Stopping threads took: 0.0000550 seconds
2019-09-30T18:18:48.979+0500: 4504.500: Total time for which application threads were stopped: 0.0003081 seconds, Stopping threads took: 0.0000755 seconds
2019-09-30T18:18:48.979+0500: 4504.500: Total time for which application threads were stopped: 0.0002411 seconds, Stopping threads took: 0.0000627 seconds
2019-09-30T18:18:56.981+0500: 4512.503: Total time for which application threads were stopped: 0.0002317 seconds, Stopping threads took: 0.0000580 seconds
2019-09-30T18:28:27.957+0500: 5083.481: Total time for which application threads were stopped: 0.0004058 seconds, Stopping threads took: 0.0001024 seconds
2019-09-30T18:28:27.957+0500: 5083.482: Total time for which application threads were stopped: 0.0002180 seconds, Stopping threads took: 0.0000649 seconds
2019-09-30T18:28:28.957+0500: 5084.482: Total time for which application threads were stopped: 0.0002526 seconds, Stopping threads took: 0.0000593 seconds
2019-09-30T18:28:30.349+0500: 5085.873: Total time for which application threads were stopped: 0.0002731 seconds, Stopping threads took: 0.0000631 seconds
2019-09-30T18:28:30.350+0500: 5085.874: Total time for which application threads were stopped: 0.0002871 seconds, Stopping threads took: 0.0000695 seconds
2019-09-30T18:28:30.838+0500: 5086.362: Total time for which application threads were stopped: 0.0003942 seconds, Stopping threads took: 0.0001186 seconds
2019-09-30T18:28:30.920+0500: 5086.445: Total time for which application threads were stopped: 0.0026654 seconds, Stopping threads took: 0.0024448 seconds
2019-09-30T18:28:30.923+0500: 5086.448: Total time for which application threads were stopped: 0.0003375 seconds, Stopping threads took: 0.0000798 seconds
2019-09-30T18:28:30.938+0500: 5086.462: Total time for which application threads were stopped: 0.0010313 seconds, Stopping threads took: 0.0007360 seconds
2019-09-30T18:28:31.180+0500: 5086.704: Total time for which application threads were stopped: 0.0003319 seconds, Stopping threads took: 0.0001058 seconds
2019-09-30T18:28:31.180+0500: 5086.704: Total time for which application threads were stopped: 0.0002039 seconds, Stopping threads took: 0.0000418 seconds
2019-09-30T18:28:31.181+0500: 5086.705: Total time for which application threads were stopped: 0.0002953 seconds, Stopping threads took: 0.0000704 seconds
2019-09-30T18:28:31.181+0500: 5086.705: Total time for which application threads were stopped: 0.0003140 seconds, Stopping threads took: 0.0001203 seconds
2019-09-30T18:28:31.182+0500: 5086.706: Total time for which application threads were stopped: 0.0002291 seconds, Stopping threads took: 0.0000576 seconds
2019-09-30T18:28:31.182+0500: 5086.706: Total time for which application threads were stopped: 0.0002603 seconds, Stopping threads took: 0.0000597 seconds
2019-09-30T18:28:31.183+0500: 5086.707: Total time for which application threads were stopped: 0.0002790 seconds, Stopping threads took: 0.0000755 seconds
2019-09-30T18:28:31.183+0500: 5086.707: Total time for which application threads were stopped: 0.0002833 seconds, Stopping threads took: 0.0000572 seconds
2019-09-30T18:28:31.185+0500: 5086.709: Total time for which application threads were stopped: 0.0003849 seconds, Stopping threads took: 0.0001434 seconds
2019-09-30T18:28:31.186+0500: 5086.710: Total time for which application threads were stopped: 0.0002773 seconds, Stopping threads took: 0.0000708 seconds
2019-09-30T18:28:31.220+0500: 5086.745: Total time for which application threads were stopped: 0.0348266 seconds, Stopping threads took: 0.0345851 seconds
2019-09-30T18:28:31.222+0500: 5086.747: Total time for which application threads were stopped: 0.0002697 seconds, Stopping threads took: 0.0000572 seconds
2019-09-30T18:28:31.245+0500: 5086.770: Total time for which application threads were stopped: 0.0045628 seconds, Stopping threads took: 0.0043016 seconds
2019-09-30T18:28:31.406+0500: 5086.931: Total time for which application threads were stopped: 0.0003055 seconds, Stopping threads took: 0.0000751 seconds
2019-09-30T18:28:31.407+0500: 5086.932: Total time for which application threads were stopped: 0.0002782 seconds, Stopping threads took: 0.0000623 seconds
2019-09-30T18:28:31.429+0500: 5086.953: Total time for which application threads were stopped: 0.0002564 seconds, Stopping threads took: 0.0000533 seconds
2019-09-30T18:28:31.703+0500: 5087.228: Total time for which application threads were stopped: 0.0003345 seconds, Stopping threads took: 0.0000772 seconds
2019-09-30T18:28:31.704+0500: 5087.229: Total time for which application threads were stopped: 0.0002829 seconds, Stopping threads took: 0.0000772 seconds
2019-09-30T18:28:31.705+0500: 5087.230: Total time for which application threads were stopped: 0.0002782 seconds, Stopping threads took: 0.0000789 seconds
2019-09-30T18:28:31.706+0500: 5087.231: Total time for which application threads were stopped: 0.0002487 seconds, Stopping threads took: 0.0000521 seconds
2019-09-30T18:28:31.706+0500: 5087.231: Total time for which application threads were stopped: 0.0002624 seconds, Stopping threads took: 0.0000559 seconds
2019-09-30T18:28:32.319+0500: 5087.843: Total time for which application threads were stopped: 0.0022784 seconds, Stopping threads took: 0.0020446 seconds
2019-09-30T18:28:33.321+0500: 5088.845: Total time for which application threads were stopped: 0.0002662 seconds, Stopping threads took: 0.0000567 seconds
2019-09-30T18:28:34.321+0500: 5089.845: Total time for which application threads were stopped: 0.0002526 seconds, Stopping threads took: 0.0000610 seconds
2019-09-30T18:28:34.957+0500: 5090.480: Total time for which application threads were stopped: 0.0076941 seconds, Stopping threads took: 0.0074291 seconds
2019-09-30T18:28:35.126+0500: 5090.650: Total time for which application threads were stopped: 0.0004139 seconds, Stopping threads took: 0.0001007 seconds
2019-09-30T18:28:35.247+0500: 5090.772: Total time for which application threads were stopped: 0.0002987 seconds, Stopping threads took: 0.0000580 seconds
2019-09-30T18:28:35.401+0500: 5090.926: Total time for which application threads were stopped: 0.0003563 seconds, Stopping threads took: 0.0000947 seconds
2019-09-30T18:28:36.343+0500: 5091.868: Total time for which application threads were stopped: 0.0022805 seconds, Stopping threads took: 0.0020011 seconds
2019-09-30T18:28:37.157+0500: 5092.681: Total time for which application threads were stopped: 0.0003354 seconds, Stopping threads took: 0.0001015 seconds
2019-09-30T18:28:37.158+0500: 5092.682: Total time for which application threads were stopped: 0.0003217 seconds, Stopping threads took: 0.0000371 seconds
2019-09-30T18:28:37.590+0500: 5093.115: Total time for which application threads were stopped: 0.0003098 seconds, Stopping threads took: 0.0000764 seconds
2019-09-30T18:28:37.772+0500: 5093.296: Total time for which application threads were stopped: 0.0003174 seconds, Stopping threads took: 0.0000819 seconds
2019-09-30T18:28:37.772+0500: 5093.297: Total time for which application threads were stopped: 0.0002547 seconds, Stopping threads took: 0.0000439 seconds
2019-09-30T18:28:38.772+0500: 5094.297: Total time for which application threads were stopped: 0.0002556 seconds, Stopping threads took: 0.0000508 seconds
2019-09-30T18:28:41.773+0500: 5097.298: Total time for which application threads were stopped: 0.0003315 seconds, Stopping threads took: 0.0000640 seconds
2019-09-30T18:28:56.778+0500: 5112.303: Total time for which application threads were stopped: 0.0002867 seconds, Stopping threads took: 0.0000491 seconds
2019-09-30T18:29:01.338+0500: 5116.863: Total time for which application threads were stopped: 0.0003200 seconds, Stopping threads took: 0.0000900 seconds
2019-09-30T18:29:01.339+0500: 5116.864: Total time for which application threads were stopped: 0.0003209 seconds, Stopping threads took: 0.0000806 seconds
2019-09-30T18:29:10.342+0500: 5125.867: Total time for which application threads were stopped: 0.0003217 seconds, Stopping threads took: 0.0000623 seconds
2019-09-30T18:29:23.347+0500: 5138.871: Total time for which application threads were stopped: 0.0002948 seconds, Stopping threads took: 0.0000713 seconds
2019-09-30T18:29:27.348+0500: 5142.872: Total time for which application threads were stopped: 0.0002965 seconds, Stopping threads took: 0.0000730 seconds
2019-09-30T18:29:31.349+0500: 5146.873: Total time for which application threads were stopped: 0.0002867 seconds, Stopping threads took: 0.0000631 seconds
2019-09-30T18:29:36.351+0500: 5151.875: Total time for which application threads were stopped: 0.0002428 seconds, Stopping threads took: 0.0000550 seconds
2019-09-30T18:29:37.351+0500: 5152.875: Total time for which application threads were stopped: 0.0002458 seconds, Stopping threads took: 0.0000576 seconds
2019-09-30T18:29:42.353+0500: 5157.877: Total time for which application threads were stopped: 0.0002462 seconds, Stopping threads took: 0.0000525 seconds
2019-09-30T18:29:43.353+0500: 5158.877: Total time for which application threads were stopped: 0.0002091 seconds, Stopping threads took: 0.0000521 seconds
2019-09-30T18:29:57.358+0500: 5172.882: Total time for which application threads were stopped: 0.0004885 seconds, Stopping threads took: 0.0001365 seconds
2019-09-30T18:30:25.367+0500: 5200.891: Total time for which application threads were stopped: 0.0002556 seconds, Stopping threads took: 0.0000619 seconds
2019-09-30T18:30:31.370+0500: 5206.894: Total time for which application threads were stopped: 0.0002628 seconds, Stopping threads took: 0.0000614 seconds
2019-09-30T18:31:31.402+0500: 5266.926: Total time for which application threads were stopped: 0.0002573 seconds, Stopping threads took: 0.0000495 seconds
2019-09-30T18:32:21.342+0500: 5316.866: Total time for which application threads were stopped: 0.0004800 seconds, Stopping threads took: 0.0001310 seconds
2019-09-30T18:32:21.343+0500: 5316.867: Total time for which application threads were stopped: 0.0002914 seconds, Stopping threads took: 0.0000678 seconds
2019-09-30T18:32:23.344+0500: 5318.868: Total time for which application threads were stopped: 0.0003132 seconds, Stopping threads took: 0.0001037 seconds
2019-09-30T18:32:55.354+0500: 5350.878: Total time for which application threads were stopped: 0.0002453 seconds, Stopping threads took: 0.0000755 seconds
2019-09-30T18:33:31.364+0500: 5386.888: Total time for which application threads were stopped: 0.0002534 seconds, Stopping threads took: 0.0000875 seconds
2019-09-30T18:34:32.387+0500: 5447.911: Total time for which application threads were stopped: 0.0006310 seconds, Stopping threads took: 0.0001297 seconds
2019-09-30T18:34:59.396+0500: 5474.920: Total time for which application threads were stopped: 0.0002978 seconds, Stopping threads took: 0.0000990 seconds
2019-09-30T18:35:32.411+0500: 5507.935: Total time for which application threads were stopped: 0.0002701 seconds, Stopping threads took: 0.0000704 seconds
2019-09-30T18:36:20.430+0500: 5555.955: Total time for which application threads were stopped: 0.0004787 seconds, Stopping threads took: 0.0001318 seconds
2019-09-30T18:36:31.345+0500: 5566.869: Total time for which application threads were stopped: 0.0001924 seconds, Stopping threads took: 0.0000486 seconds
2019-09-30T18:36:31.345+0500: 5566.870: Total time for which application threads were stopped: 0.0002351 seconds, Stopping threads took: 0.0000627 seconds
2019-09-30T18:36:32.345+0500: 5567.869: Total time for which application threads were stopped: 0.0002125 seconds, Stopping threads took: 0.0000465 seconds
2019-09-30T18:37:32.371+0500: 5627.895: Total time for which application threads were stopped: 0.0010334 seconds, Stopping threads took: 0.0002961 seconds
2019-09-30T18:37:47.376+0500: 5642.900: Total time for which application threads were stopped: 0.0001954 seconds, Stopping threads took: 0.0000491 seconds
2019-09-30T18:38:23.391+0500: 5678.915: Total time for which application threads were stopped: 0.0002658 seconds, Stopping threads took: 0.0000610 seconds
2019-09-30T18:38:32.394+0500: 5687.919: Total time for which application threads were stopped: 0.0003251 seconds, Stopping threads took: 0.0000768 seconds
2019-09-30T18:39:32.417+0500: 5747.942: Total time for which application threads were stopped: 0.0005376 seconds, Stopping threads took: 0.0001190 seconds
2019-09-30T18:41:28.466+0500: 5863.990: Total time for which application threads were stopped: 0.0003618 seconds, Stopping threads took: 0.0000815 seconds
2019-09-30T18:41:31.349+0500: 5866.873: Total time for which application threads were stopped: 0.0002257 seconds, Stopping threads took: 0.0000678 seconds
2019-09-30T18:41:31.350+0500: 5866.874: Total time for which application threads were stopped: 0.0007727 seconds, Stopping threads took: 0.0000883 seconds
2019-09-30T18:41:32.350+0500: 5867.874: Total time for which application threads were stopped: 0.0002159 seconds, Stopping threads took: 0.0000691 seconds
2019-09-30T18:42:32.371+0500: 5927.896: Total time for which application threads were stopped: 0.0002475 seconds, Stopping threads took: 0.0000589 seconds
2019-09-30T18:42:54.511+0500: 5950.035: Total time for which application threads were stopped: 0.0004830 seconds, Stopping threads took: 0.0001195 seconds
2019-09-30T18:42:54.557+0500: 5950.081: Total time for which application threads were stopped: 0.0003089 seconds, Stopping threads took: 0.0000670 seconds
2019-09-30T18:42:54.604+0500: 5950.128: Total time for which application threads were stopped: 0.0003324 seconds, Stopping threads took: 0.0000593 seconds
2019-09-30T18:42:54.604+0500: 5950.128: Total time for which application threads were stopped: 0.0003362 seconds, Stopping threads took: 0.0000922 seconds
2019-09-30T18:42:55.604+0500: 5951.128: Total time for which application threads were stopped: 0.0004881 seconds, Stopping threads took: 0.0001071 seconds
2019-09-30T18:42:56.604+0500: 5952.128: Total time for which application threads were stopped: 0.0004855 seconds, Stopping threads took: 0.0000909 seconds
2019-09-30T18:43:00.019+0500: 5955.543: Total time for which application threads were stopped: 0.0006895 seconds, Stopping threads took: 0.0004139 seconds
2019-09-30T18:43:00.019+0500: 5955.543: Total time for which application threads were stopped: 0.0002978 seconds, Stopping threads took: 0.0001003 seconds
2019-09-30T18:43:00.023+0500: 5955.547: Total time for which application threads were stopped: 0.0002867 seconds, Stopping threads took: 0.0000789 seconds
2019-09-30T18:43:00.038+0500: 5955.562: Total time for which application threads were stopped: 0.0004169 seconds, Stopping threads took: 0.0001391 seconds
2019-09-30T18:43:00.039+0500: 5955.563: Total time for which application threads were stopped: 0.0002923 seconds, Stopping threads took: 0.0000559 seconds
2019-09-30T18:43:00.042+0500: 5955.566: Total time for which application threads were stopped: 0.0004134 seconds, Stopping threads took: 0.0001813 seconds
2019-09-30T18:43:00.044+0500: 5955.568: Total time for which application threads were stopped: 0.0002500 seconds, Stopping threads took: 0.0000785 seconds
2019-09-30T18:43:00.044+0500: 5955.568: Total time for which application threads were stopped: 0.0001980 seconds, Stopping threads took: 0.0000397 seconds
2019-09-30T18:43:00.044+0500: 5955.568: Total time for which application threads were stopped: 0.0001481 seconds, Stopping threads took: 0.0000354 seconds
2019-09-30T18:43:00.045+0500: 5955.569: Total time for which application threads were stopped: 0.0001527 seconds, Stopping threads took: 0.0000341 seconds
2019-09-30T18:43:00.045+0500: 5955.569: Total time for which application threads were stopped: 0.0002816 seconds, Stopping threads took: 0.0001348 seconds
2019-09-30T18:43:00.046+0500: 5955.570: Total time for which application threads were stopped: 0.0002202 seconds, Stopping threads took: 0.0000525 seconds
2019-09-30T18:43:00.047+0500: 5955.571: Total time for which application threads were stopped: 0.0003098 seconds, Stopping threads took: 0.0001579 seconds
2019-09-30T18:43:00.051+0500: 5955.575: Total time for which application threads were stopped: 0.0003908 seconds, Stopping threads took: 0.0002052 seconds
2019-09-30T18:43:00.057+0500: 5955.581: Total time for which application threads were stopped: 0.0003994 seconds, Stopping threads took: 0.0002163 seconds
2019-09-30T18:43:00.075+0500: 5955.599: Total time for which application threads were stopped: 0.0012851 seconds, Stopping threads took: 0.0010411 seconds
2019-09-30T18:43:00.077+0500: 5955.601: Total time for which application threads were stopped: 0.0003567 seconds, Stopping threads took: 0.0001169 seconds
2019-09-30T18:43:00.078+0500: 5955.603: Total time for which application threads were stopped: 0.0003136 seconds, Stopping threads took: 0.0000772 seconds
2019-09-30T18:43:00.079+0500: 5955.604: Total time for which application threads were stopped: 0.0003196 seconds, Stopping threads took: 0.0000550 seconds
2019-09-30T18:43:00.080+0500: 5955.604: Total time for which application threads were stopped: 0.0002210 seconds, Stopping threads took: 0.0000717 seconds
2019-09-30T18:43:00.081+0500: 5955.606: Total time for which application threads were stopped: 0.0003145 seconds, Stopping threads took: 0.0000905 seconds
2019-09-30T18:43:00.081+0500: 5955.606: Total time for which application threads were stopped: 0.0003251 seconds, Stopping threads took: 0.0001062 seconds
2019-09-30T18:43:00.084+0500: 5955.608: Total time for which application threads were stopped: 0.0003243 seconds, Stopping threads took: 0.0000926 seconds
2019-09-30T18:43:00.085+0500: 5955.609: Total time for which application threads were stopped: 0.0004791 seconds, Stopping threads took: 0.0002786 seconds
2019-09-30T18:43:00.085+0500: 5955.610: Total time for which application threads were stopped: 0.0002475 seconds, Stopping threads took: 0.0000512 seconds
2019-09-30T18:43:00.086+0500: 5955.611: Total time for which application threads were stopped: 0.0002402 seconds, Stopping threads took: 0.0000768 seconds
2019-09-30T18:43:00.103+0500: 5955.627: Total time for which application threads were stopped: 0.0002048 seconds, Stopping threads took: 0.0000495 seconds
2019-09-30T18:43:00.103+0500: 5955.628: Total time for which application threads were stopped: 0.0002057 seconds, Stopping threads took: 0.0000418 seconds
2019-09-30T18:43:00.208+0500: 5955.732: Total time for which application threads were stopped: 0.0004211 seconds, Stopping threads took: 0.0001408 seconds
2019-09-30T18:43:00.307+0500: 5955.832: Total time for which application threads were stopped: 0.0006477 seconds, Stopping threads took: 0.0001681 seconds
2019-09-30T18:43:00.308+0500: 5955.832: Total time for which application threads were stopped: 0.0004190 seconds, Stopping threads took: 0.0001455 seconds
2019-09-30T18:43:00.309+0500: 5955.834: Total time for which application threads were stopped: 0.0004164 seconds, Stopping threads took: 0.0001847 seconds
2019-09-30T18:43:00.309+0500: 5955.834: Total time for which application threads were stopped: 0.0003473 seconds, Stopping threads took: 0.0001468 seconds
2019-09-30T18:43:00.310+0500: 5955.835: Total time for which application threads were stopped: 0.0003546 seconds, Stopping threads took: 0.0001719 seconds
2019-09-30T18:43:00.317+0500: 5955.842: Total time for which application threads were stopped: 0.0002394 seconds, Stopping threads took: 0.0000717 seconds
2019-09-30T18:43:00.326+0500: 5955.850: Total time for which application threads were stopped: 0.0002918 seconds, Stopping threads took: 0.0000845 seconds
2019-09-30T18:43:00.332+0500: 5955.856: Total time for which application threads were stopped: 0.0002867 seconds, Stopping threads took: 0.0001220 seconds
Heap
 garbage-first heap   total 524288K, used 189440K [0x00000000e0000000, 0x00000000e0101000, 0x0000000100000000)
  region size 1024K, 171 young (175104K), 25 survivors (25600K)
 Metaspace       used 50772K, capacity 52970K, committed 53120K, reserved 1095680K
  class space    used 6216K, capacity 6674K, committed 6784K, reserved 1048576K
